ESP-ROM:esp32s3-20210327
Build:Mar 27 2021
rst:0x1 (POWERON),boot:0x2b (SPI_FAST_FLASH_BOOT)
SPIWP:0xee
mode:DIO, clock div:1
load:0x3fce3818,len:0x16e8
load:0x403c9700,len:0x4
load:0x403c9704,len:0xc00
load:0x403cc700,len:0x2eb0
entry 0x403c9908
[0;32mI (27) boot: ESP-IDF v5.1.1-dirty 2nd stage bootloader[0m
[0;32mI (27) boot: compile time Jul  4 2024 11:59:27[0m
[0;32mI (27) boot: Multicore bootloader[0m
[0;32mI (31) boot: chip revision: v0.2[0m
[0;32mI (34) boot.esp32s3: Boot SPI Speed : 80MHz[0m
[0;32mI (39) boot.esp32s3: SPI Mode       : DIO[0m
[0;32mI (44) boot.esp32s3: SPI Flash Size : 2MB[0m
[0;32mI (49) boot: Enabling RNG early entropy source...[0m
[0;32mI (54) boot: Partition Table:[0m
[0;32mI (58) boot: ## Label            Usage          Type ST Offset   Length[0m
[0;32mI (65) boot:  0 nvs              WiFi data        01 02 00009000 00006000[0m
[0;32mI (72) boot:  1 phy_init         RF data          01 01 0000f000 00001000[0m
[0;32mI (80) boot:  2 factory          factory app      00 00 00010000 00100000[0m
[0;32mI (87) boot: End of partition table[0m
[0;32mI (92) esp_image: segment 0: paddr=00010020 vaddr=3c020020 size=0a718h ( 42776) map[0m
[0;32mI (108) esp_image: segment 1: paddr=0001a740 vaddr=3fc91f00 size=0523ch ( 21052) load[0m
[0;32mI (113) esp_image: segment 2: paddr=0001f984 vaddr=40374000 size=00694h (  1684) load[0m
[0;32mI (117) esp_image: segment 3: paddr=00020020 vaddr=42000020 size=19614h (103956) map[0m
[0;32mI (144) esp_image: segment 4: paddr=0003963c vaddr=40374694 size=0d7e8h ( 55272) load[0m
[0;32mI (163) boot: Loaded app from partition at offset 0x10000[0m
[0;32mI (163) boot: Disabling RNG early entropy source...[0m
[0;32mI (174) cpu_start: Multicore app[0m
[0;32mI (175) octal_psram: vendor id    : 0x0d (AP)[0m
[0;32mI (175) octal_psram: dev id       : 0x02 (generation 3)[0m
[0;32mI (178) octal_psram: density      : 0x03 (64 Mbit)[0m
[0;32mI (184) octal_psram: good-die     : 0x01 (Pass)[0m
[0;32mI (189) octal_psram: Latency      : 0x01 (Fixed)[0m
[0;32mI (194) octal_psram: VCC          : 0x01 (3V)[0m
[0;32mI (199) octal_psram: SRF          : 0x01 (Fast Refresh)[0m
[0;32mI (205) octal_psram: BurstType    : 0x01 (Hybrid Wrap)[0m
[0;32mI (211) octal_psram: BurstLen     : 0x01 (32 Byte)[0m
[0;32mI (216) octal_psram: Readlatency  : 0x02 (10 cycles@Fixed)[0m
[0;32mI (222) octal_psram: DriveStrength: 0x00 (1/1)[0m
[0;32mI (228) esp_psram: Found 8MB PSRAM device[0m
[0;32mI (232) esp_psram: Speed: 40MHz[0m
[0;32mI (236) cpu_start: Pro cpu up.[0m
[0;32mI (240) cpu_start: Starting app cpu, entry point is 0x40375354[0m
[0;32mI (0) cpu_start: App cpu up.[0m
[0;32mI (977) esp_psram: SPI SRAM memory test OK[0m
[0;32mI (986) cpu_start: Pro cpu start user code[0m
[0;32mI (987) cpu_start: cpu freq: 160000000 Hz[0m
[0;32mI (987) cpu_start: Application information:[0m
[0;32mI (990) cpu_start: Project name:     hello_world[0m
[0;32mI (995) cpu_start: App version:      1[0m
[0;32mI (999) cpu_start: Compile time:     Jul  4 2024 11:58:18[0m
[0;32mI (1005) cpu_start: ELF file SHA256:  d5971b935ef49e04...[0m
[0;32mI (1011) cpu_start: ESP-IDF:          v5.1.1-dirty[0m
[0;32mI (1017) cpu_start: Min chip rev:     v0.0[0m
[0;32mI (1022) cpu_start: Max chip rev:     v0.99 [0m
[0;32mI (1027) cpu_start: Chip rev:         v0.2[0m
[0;32mI (1031) heap_init: Initializing. RAM available for dynamic allocation:[0m
[0;32mI (1039) heap_init: At 3FC979D0 len 00051D40 (327 KiB): DRAM[0m
[0;32mI (1045) heap_init: At 3FCE9710 len 00005724 (21 KiB): STACK/DRAM[0m
[0;32mI (1052) heap_init: At 3FCF0000 len 00008000 (32 KiB): DRAM[0m
[0;32mI (1058) heap_init: At 600FE010 len 00001FD8 (7 KiB): RTCRAM[0m
[0;32mI (1065) esp_psram: Adding pool of 8192K of PSRAM memory to heap allocator[0m
[0;32mI (1073) spi_flash: detected chip: generic[0m
[0;32mI (1077) spi_flash: flash io: dio[0m
[0;33mW (1081) spi_flash: Detected size(16384k) larger than the size in the binary image header(2048k). Using the size in the binary image header.[0m
[0;32mI (1094) sleep: Configure to isolate all GPIO pins in sleep state[0m
[0;32mI (1101) sleep: Enable automatic switching of GPIO sleep configuration[0m
[0;32mI (1108) app_start: Starting scheduler on CPU0[0m
[0;32mI (1113) app_start: Starting scheduler on CPU1[0m
[0;32mI (1113) main_task: Started on CPU0[0m
[0;32mI (1123) esp_psram: Reserving pool of 32K of internal memory for DMA/internal allocations[0m
[0;32mI (1133) main_task: Calling app_main()[0m
[0;32mI (1133) touch read: Denoise function init[0m
[0;32mI (1143) main_task: Returned from app_main()[0m
Time: 1742054 Time: 13016 0.201705 0.080382 0.247040 0.460874 Result: D
Guru Meditation Error: Core  0 panic'ed (StoreProhibited). Exception was unhandled.

Core  0 register dump:
PC      : 0x42009062  PS      : 0x00060a30  A0      : 0x8037c9e8  A1      : 0x3fca6720  
A2      : 0x00000000  A3      : 0x00000000  A4      : 0x00000001  A5      : 0x0000001e  
A6      : 0x3fca6a5c  A7      : 0x006a3291  A8      : 0x82009062  A9      : 0x3fca6710  
A10     : 0x40390cb3  A11     : 0x40072196  A12     : 0x2bd3c360  A13     : 0x40390cb2  
A14     : 0x00000000  A15     : 0x00000000  SAR     : 0x0000001d  EXCCAUSE: 0x0000001d  
EXCVADDR: 0x00000000  LBEG    : 0x40054bf0  LEND    : 0x40054c0f  LCOUNT  : 0x00000000  


Backtrace: 0x4200905f:0x3fca6720 0x4037c9e5:0x3fca6790




ELF file SHA256: d5971b935ef49e04

Rebooting...
ESP-ROM:esp32s3-20210327
Build:Mar 27 2021
rst:0x3 (RTC_SW_SYS_RST),boot:0x2b (SPI_FAST_FLASH_BOOT)
Saved PC:0x40375768
SPIWP:0xee
mode:DIO, clock div:1
load:0x3fce3818,len:0x16e8
load:0x403c9700,len:0x4
load:0x403c9704,len:0xc00
load:0x403cc700,len:0x2eb0
entry 0x403c9908
[0;32mI (31) boot: ESP-IDF v5.1.1-dirty 2nd stage bootloader[0m
[0;32mI (31) boot: compile time Jul  4 2024 11:59:27[0m
[0;32mI (31) boot: Multicore bootloader[0m
[0;32mI (35) boot: chip revision: v0.2[0m
[0;32mI (39) boot.esp32s3: Boot SPI Speed : 80MHz[0m
[0;32mI (44) boot.esp32s3: SPI Mode       : DIO[0m
[0;32mI (48) boot.esp32s3: SPI Flash Size : 2MB[0m
[0;32mI (53) boot: Enabling RNG early entropy source...[0m
[0;32mI (59) boot: Partition Table:[0m
[0;32mI (62) boot: ## Label            Usage          Type ST Offset   Length[0m
[0;32mI (69) boot:  0 nvs              WiFi data        01 02 00009000 00006000[0m
[0;32mI (77) boot:  1 phy_init         RF data          01 01 0000f000 00001000[0m
[0;32mI (84) boot:  2 factory          factory app      00 00 00010000 00100000[0m
[0;32mI (92) boot: End of partition table[0m
[0;32mI (96) esp_image: segment 0: paddr=00010020 vaddr=3c020020 size=0a718h ( 42776) map[0m
[0;32mI (112) esp_image: segment 1: paddr=0001a740 vaddr=3fc91f00 size=0523ch ( 21052) load[0m
[0;32mI (117) esp_image: segment 2: paddr=0001f984 vaddr=40374000 size=00694h (  1684) load[0m
[0;32mI (122) esp_image: segment 3: paddr=00020020 vaddr=42000020 size=19614h (103956) map[0m
[0;32mI (148) esp_image: segment 4: paddr=0003963c vaddr=40374694 size=0d7e8h ( 55272) load[0m
[0;32mI (167) boot: Loaded app from partition at offset 0x10000[0m
[0;32mI (167) boot: Disabling RNG early entropy source...[0m
[0;32mI (179) cpu_start: Multicore app[0m
[0;32mI (179) octal_psram: vendor id    : 0x0d (AP)[0m
[0;32mI (179) octal_psram: dev id       : 0x02 (generation 3)[0m
[0;32mI (182) octal_psram: density      : 0x03 (64 Mbit)[0m
[0;32mI (188) octal_psram: good-die     : 0x01 (Pass)[0m
[0;32mI (193) octal_psram: Latency      : 0x01 (Fixed)[0m
[0;32mI (198) octal_psram: VCC          : 0x01 (3V)[0m
[0;32mI (204) octal_psram: SRF          : 0x01 (Fast Refresh)[0m
[0;32mI (209) octal_psram: BurstType    : 0x01 (Hybrid Wrap)[0m
[0;32mI (215) octal_psram: BurstLen     : 0x01 (32 Byte)[0m
[0;32mI (221) octal_psram: Readlatency  : 0x02 (10 cycles@Fixed)[0m
[0;32mI (227) octal_psram: DriveStrength: 0x00 (1/1)[0m
[0;32mI (232) esp_psram: Found 8MB PSRAM device[0m
[0;32mI (237) esp_psram: Speed: 40MHz[0m
[0;32mI (241) cpu_start: Pro cpu up.[0m
[0;32mI (244) cpu_start: Starting app cpu, entry point is 0x40375354[0m
[0;32mI (0) cpu_start: App cpu up.[0m
[0;32mI (982) esp_psram: SPI SRAM memory test OK[0m
[0;32mI (991) cpu_start: Pro cpu start user code[0m
[0;32mI (991) cpu_start: cpu freq: 160000000 Hz[0m
[0;32mI (991) cpu_start: Application information:[0m
[0;32mI (994) cpu_start: Project name:     hello_world[0m
[0;32mI (999) cpu_start: App version:      1[0m
[0;32mI (1004) cpu_start: Compile time:     Jul  4 2024 11:58:18[0m
[0;32mI (1010) cpu_start: ELF file SHA256:  d5971b935ef49e04...[0m
[0;32mI (1016) cpu_start: ESP-IDF:          v5.1.1-dirty[0m
[0;32mI (1021) cpu_start: Min chip rev:     v0.0[0m
[0;32mI (1026) cpu_start: Max chip rev:     v0.99 [0m
[0;32mI (1031) cpu_start: Chip rev:         v0.2[0m
[0;32mI (1036) heap_init: Initializing. RAM available for dynamic allocation:[0m
[0;32mI (1043) heap_init: At 3FC979D0 len 00051D40 (327 KiB): DRAM[0m
[0;32mI (1050) heap_init: At 3FCE9710 len 00005724 (21 KiB): STACK/DRAM[0m
[0;32mI (1056) heap_init: At 3FCF0000 len 00008000 (32 KiB): DRAM[0m
[0;32mI (1063) heap_init: At 600FE010 len 00001FD8 (7 KiB): RTCRAM[0m
[0;32mI (1069) esp_psram: Adding pool of 8192K of PSRAM memory to heap allocator[0m
[0;32mI (1077) spi_flash: detected chip: generic[0m
[0;32mI (1081) spi_flash: flash io: dio[0m
[0;33mW (1085) spi_flash: Detected size(16384k) larger than the size in the binary image header(2048k). Using the size in the binary image header.[0m
[0;32mI (1099) sleep: Configure to isolate all GPIO pins in sleep state[0m
[0;32mI (1106) sleep: Enable automatic switching of GPIO sleep configuration[0m
[0;32mI (1113) app_start: Starting scheduler on CPU0[0m
[0;32mI (1118) app_start: Starting scheduler on CPU1[0m
[0;32mI (1118) main_task: Started on CPU0[0m
[0;32mI (1128) esp_psram: Reserving pool of 32K of internal memory for DMA/internal allocations[0m
[0;32mI (1138) main_task: Calling app_main()[0m
[0;32mI (1138) touch read: Denoise function init[0m
[0;32mI (1148) main_task: Returned from app_main()[0m
Time: 1742055 Time: 13016 0.496165 -0.117591 0.243844 0.216041 Result: A
Guru Meditation Error: Core  0 panic'ed (StoreProhibited). Exception was unhandled.

Core  0 register dump:
PC      : 0x42009062  PS      : 0x00060a30  A0      : 0x8037c9e8  A1      : 0x3fca6720  
A2      : 0x00000000  A3      : 0x00000000  A4      : 0x00000001  A5      : 0x0000001e  
A6      : 0x3fca6a5c  A7      : 0x00919e4b  A8      : 0x82009062  A9      : 0x3fca6710  
A10     : 0x4039ff2e  A11     : 0x40073fe5  A12     : 0x48e8a720  A13     : 0x4039ff2e  
A14     : 0x00000000  A15     : 0x00000000  SAR     : 0x0000001d  EXCCAUSE: 0x0000001d  
EXCVADDR: 0x00000000  LBEG    : 0x40054bf0  LEND    : 0x40054c0f  LCOUNT  : 0x00000000  


Backtrace: 0x4200905f:0x3fca6720 0x4037c9e5:0x3fca6790




ELF file SHA256: d5971b935ef49e04

Rebooting...
ESP-ROM:esp32s3-20210327
Build:Mar 27 2021
rst:0x3 (RTC_SW_SYS_RST),boot:0x2b (SPI_FAST_FLASH_BOOT)
Saved PC:0x40375768
SPIWP:0xee
mode:DIO, clock div:1
load:0x3fce3818,len:0x16e8
load:0x403c9700,len:0x4
load:0x403c9704,len:0xc00
load:0x403cc700,len:0x2eb0
entry 0x403c9908
[0;32mI (31) boot: ESP-IDF v5.1.1-dirty 2nd stage bootloader[0m
[0;32mI (31) boot: compile time Jul  4 2024 11:59:27[0m
[0;32mI (31) boot: Multicore bootloader[0m
[0;32mI (35) boot: chip revision: v0.2[0m
[0;32mI (39) boot.esp32s3: Boot SPI Speed : 80MHz[0m
[0;32mI (44) boot.esp32s3: SPI Mode       : DIO[0m
[0;32mI (48) boot.esp32s3: SPI Flash Size : 2MB[0m
[0;32mI (53) boot: Enabling RNG early entropy source...[0m
[0;32mI (59) boot: Partition Table:[0m
[0;32mI (62) boot: ## Label            Usage          Type ST Offset   Length[0m
[0;32mI (69) boot:  0 nvs              WiFi data        01 02 00009000 00006000[0m
[0;32mI (77) boot:  1 phy_init         RF data          01 01 0000f000 00001000[0m
[0;32mI (84) boot:  2 factory          factory app      00 00 00010000 00100000[0m
[0;32mI (92) boot: End of partition table[0m
[0;32mI (96) esp_image: segment 0: paddr=00010020 vaddr=3c020020 size=0a718h ( 42776) map[0m
[0;32mI (112) esp_image: segment 1: paddr=0001a740 vaddr=3fc91f00 size=0523ch ( 21052) load[0m
[0;32mI (117) esp_image: segment 2: paddr=0001f984 vaddr=40374000 size=00694h (  1684) load[0m
[0;32mI (122) esp_image: segment 3: paddr=00020020 vaddr=42000020 size=19614h (103956) map[0m
[0;32mI (148) esp_image: segment 4: paddr=0003963c vaddr=40374694 size=0d7e8h ( 55272) load[0m
[0;32mI (167) boot: Loaded app from partition at offset 0x10000[0m
[0;32mI (167) boot: Disabling RNG early entropy source...[0m
[0;32mI (179) cpu_start: Multicore app[0m
[0;32mI (179) octal_psram: vendor id    : 0x0d (AP)[0m
[0;32mI (179) octal_psram: dev id       : 0x02 (generation 3)[0m
[0;32mI (182) octal_psram: density      : 0x03 (64 Mbit)[0m
[0;32mI (188) octal_psram: good-die     : 0x01 (Pass)[0m
[0;32mI (193) octal_psram: Latency      : 0x01 (Fixed)[0m
[0;32mI (198) octal_psram: VCC          : 0x01 (3V)[0m
[0;32mI (204) octal_psram: SRF          : 0x01 (Fast Refresh)[0m
[0;32mI (209) octal_psram: BurstType    : 0x01 (Hybrid Wrap)[0m
[0;32mI (215) octal_psram: BurstLen     : 0x01 (32 Byte)[0m
[0;32mI (221) octal_psram: Readlatency  : 0x02 (10 cycles@Fixed)[0m
[0;32mI (227) octal_psram: DriveStrength: 0x00 (1/1)[0m
[0;32mI (232) esp_psram: Found 8MB PSRAM device[0m
[0;32mI (237) esp_psram: Speed: 40MHz[0m
[0;32mI (241) cpu_start: Pro cpu up.[0m
[0;32mI (244) cpu_start: Starting app cpu, entry point is 0x40375354[0m
[0;32mI (0) cpu_start: App cpu up.[0m
[0;32mI (982) esp_psram: SPI SRAM memory test OK[0m
[0;32mI (991) cpu_start: Pro cpu start user code[0m
[0;32mI (991) cpu_start: cpu freq: 160000000 Hz[0m
[0;32mI (991) cpu_start: Application information:[0m
[0;32mI (994) cpu_start: Project name:     hello_world[0m
[0;32mI (999) cpu_start: App version:      1[0m
[0;32mI (1004) cpu_start: Compile time:     Jul  4 2024 11:58:18[0m
[0;32mI (1010) cpu_start: ELF file SHA256:  d5971b935ef49e04...[0m
[0;32mI (1016) cpu_start: ESP-IDF:          v5.1.1-dirty[0m
[0;32mI (1021) cpu_start: Min chip rev:     v0.0[0m
[0;32mI (1026) cpu_start: Max chip rev:     v0.99 [0m
[0;32mI (1031) cpu_start: Chip rev:         v0.2[0m
[0;32mI (1036) heap_init: Initializing. RAM available for dynamic allocation:[0m
[0;32mI (1043) heap_init: At 3FC979D0 len 00051D40 (327 KiB): DRAM[0m
[0;32mI (1050) heap_init: At 3FCE9710 len 00005724 (21 KiB): STACK/DRAM[0m
[0;32mI (1056) heap_init: At 3FCF0000 len 00008000 (32 KiB): DRAM[0m
[0;32mI (1063) heap_init: At 600FE010 len 00001FD8 (7 KiB): RTCRAM[0m
[0;32mI (1069) esp_psram: Adding pool of 8192K of PSRAM memory to heap allocator[0m
[0;32mI (1077) spi_flash: detected chip: generic[0m
[0;32mI (1081) spi_flash: flash io: dio[0m
[0;33mW (1085) spi_flash: Detected size(16384k) larger than the size in the binary image header(2048k). Using the size in the binary image header.[0m
[0;32mI (1099) sleep: Configure to isolate all GPIO pins in sleep state[0m
[0;32mI (1106) sleep: Enable automatic switching of GPIO sleep configuration[0m
[0;32mI (1113) app_start: Starting scheduler on CPU0[0m
[0;32mI (1118) app_start: Starting scheduler on CPU1[0m
[0;32mI (1118) main_task: Started on CPU0[0m
[0;32mI (1128) esp_psram: Reserving pool of 32K of internal memory for DMA/internal allocations[0m
[0;32mI (1138) main_task: Calling app_main()[0m
[0;32mI (1138) touch read: Denoise function init[0m
[0;32mI (1148) main_task: Returned from app_main()[0m
Time: 1743058 Time: 13016 0.299672 -0.238102 0.132978 0.555763 Result: D
Guru Meditation Error: Core  0 panic'ed (StoreProhibited). Exception was unhandled.

Core  0 register dump:
PC      : 0x42009062  PS      : 0x00060a30  A0      : 0x8037c9e8  A1      : 0x3fca6720  
A2      : 0x00000000  A3      : 0x00000000  A4      : 0x00000001  A5      : 0x0000001e  
A6      : 0x3fca6a5c  A7      : 0x0058db0b  A8      : 0x82009062  A9      : 0x3fca6710  
A10     : 0x403a809d  A11     : 0x40075013  A12     : 0x495182a8  A13     : 0x403a809d  
A14     : 0x00000000  A15     : 0x00000000  SAR     : 0x0000001d  EXCCAUSE: 0x0000001d  
EXCVADDR: 0x00000000  LBEG    : 0x40054bf0  LEND    : 0x40054c0f  LCOUNT  : 0x00000000  


Backtrace: 0x4200905f:0x3fca6720 0x4037c9e5:0x3fca6790




ELF file SHA256: d5971b935ef49e04

Rebooting...
ESP-ROM:esp32s3-20210327
Build:Mar 27 2021
rst:0x3 (RTC_SW_SYS_RST),boot:0x2b (SPI_FAST_FLASH_BOOT)
Saved PC:0x40375768
SPIWP:0xee
mode:DIO, clock div:1
load:0x3fce3818,len:0x16e8
load:0x403c9700,len:0x4
load:0x403c9704,len:0xc00
load:0x403cc700,len:0x2eb0
entry 0x403c9908
[0;32mI (31) boot: ESP-IDF v5.1.1-dirty 2nd stage bootloader[0m
[0;32mI (31) boot: compile time Jul  4 2024 11:59:27[0m
[0;32mI (31) boot: Multicore bootloader[0m
[0;32mI (35) boot: chip revision: v0.2[0m
[0;32mI (39) boot.esp32s3: Boot SPI Speed : 80MHz[0m
[0;32mI (44) boot.esp32s3: SPI Mode       : DIO[0m
[0;32mI (48) boot.esp32s3: SPI Flash Size : 2MB[0m
[0;32mI (53) boot: Enabling RNG early entropy source...[0m
[0;32mI (59) boot: Partition Table:[0m
[0;32mI (62) boot: ## Label            Usage          Type ST Offset   Length[0m
[0;32mI (69) boot:  0 nvs              WiFi data        01 02 00009000 00006000[0m
[0;32mI (77) boot:  1 phy_init         RF data          01 01 0000f000 00001000[0m
[0;32mI (84) boot:  2 factory          factory app      00 00 00010000 00100000[0m
[0;32mI (92) boot: End of partition table[0m
[0;32mI (96) esp_image: segment 0: paddr=00010020 vaddr=3c020020 size=0a718h ( 42776) map[0m
[0;32mI (112) esp_image: segment 1: paddr=0001a740 vaddr=3fc91f00 size=0523ch ( 21052) load[0m
[0;32mI (117) esp_image: segment 2: paddr=0001f984 vaddr=40374000 size=00694h (  1684) load[0m
[0;32mI (122) esp_image: segment 3: paddr=00020020 vaddr=42000020 size=19614h (103956) map[0m
[0;32mI (148) esp_image: segment 4: paddr=0003963c vaddr=40374694 size=0d7e8h ( 55272) load[0m
[0;32mI (167) boot: Loaded app from partition at offset 0x10000[0m
[0;32mI (167) boot: Disabling RNG early entropy source...[0m
[0;32mI (179) cpu_start: Multicore app[0m
[0;32mI (179) octal_psram: vendor id    : 0x0d (AP)[0m
[0;32mI (179) octal_psram: dev id       : 0x02 (generation 3)[0m
[0;32mI (182) octal_psram: density      : 0x03 (64 Mbit)[0m
[0;32mI (188) octal_psram: good-die     : 0x01 (Pass)[0m
[0;32mI (193) octal_psram: Latency      : 0x01 (Fixed)[0m
[0;32mI (198) octal_psram: VCC          : 0x01 (3V)[0m
[0;32mI (204) octal_psram: SRF          : 0x01 (Fast Refresh)[0m
[0;32mI (209) octal_psram: BurstType    : 0x01 (Hybrid Wrap)[0m
[0;32mI (215) octal_psram: BurstLen     : 0x01 (32 Byte)[0m
[0;32mI (221) octal_psram: Readlatency  : 0x02 (10 cycles@Fixed)[0m
[0;32mI (227) octal_psram: DriveStrength: 0x00 (1/1)[0m
[0;32mI (232) esp_psram: Found 8MB PSRAM device[0m
[0;32mI (237) esp_psram: Speed: 40MHz[0m
[0;32mI (241) cpu_start: Pro cpu up.[0m
[0;32mI (244) cpu_start: Starting app cpu, entry point is 0x40375354[0m
[0;32mI (0) cpu_start: App cpu up.[0m
[0;32mI (982) esp_psram: SPI SRAM memory test OK[0m
[0;32mI (991) cpu_start: Pro cpu start user code[0m
[0;32mI (991) cpu_start: cpu freq: 160000000 Hz[0m
[0;32mI (991) cpu_start: Application information:[0m
[0;32mI (994) cpu_start: Project name:     hello_world[0m
[0;32mI (999) cpu_start: App version:      1[0m
[0;32mI (1004) cpu_start: Compile time:     Jul  4 2024 11:58:18[0m
[0;32mI (1010) cpu_start: ELF file SHA256:  d5971b935ef49e04...[0m
[0;32mI (1016) cpu_start: ESP-IDF:          v5.1.1-dirty[0m
[0;32mI (1021) cpu_start: Min chip rev:     v0.0[0m
[0;32mI (1026) cpu_start: Max chip rev:     v0.99 [0m
[0;32mI (1031) cpu_start: Chip rev:         v0.2[0m
[0;32mI (1036) heap_init: Initializing. RAM available for dynamic allocation:[0m
[0;32mI (1043) heap_init: At 3FC979D0 len 00051D40 (327 KiB): DRAM[0m
[0;32mI (1050) heap_init: At 3FCE9710 len 00005724 (21 KiB): STACK/DRAM[0m
[0;32mI (1056) heap_init: At 3FCF0000 len 00008000 (32 KiB): DRAM[0m
[0;32mI (1063) heap_init: At 600FE010 len 00001FD8 (7 KiB): RTCRAM[0m
[0;32mI (1069) esp_psram: Adding pool of 8192K of PSRAM memory to heap allocator[0m
[0;32mI (1077) spi_flash: detected chip: generic[0m
[0;32mI (1081) spi_flash: flash io: dio[0m
[0;33mW (1085) spi_flash: Detected size(16384k) larger than the size in the binary image header(2048k). Using the size in the binary image header.[0m
[0;32mI (1099) sleep: Configure to isolate all GPIO pins in sleep state[0m
[0;32mI (1106) sleep: Enable automatic switching of GPIO sleep configuration[0m
[0;32mI (1113) app_start: Starting scheduler on CPU0[0m
[0;32mI (1118) app_start: Starting scheduler on CPU1[0m
[0;32mI (1118) main_task: Started on CPU0[0m
[0;32mI (1128) esp_psram: Reserving pool of 32K of internal memory for DMA/internal allocations[0m
[0;32mI (1138) main_task: Calling app_main()[0m
[0;32mI (1138) touch read: Denoise function init[0m
[0;32mI (1148) main_task: Returned from app_main()[0m
Time: 1743058 Time: 13015 0.329877 -0.069094 0.457150 0.432017 Result: C
Guru Meditation Error: Core  0 panic'ed (StoreProhibited). Exception was unhandled.

Core  0 register dump:
PC      : 0x42009062  PS      : 0x00060a30  A0      : 0x8037c9e8  A1      : 0x3fca6720  
A2      : 0x00000000  A3      : 0x00000000  A4      : 0x00000001  A5      : 0x0000001e  
A6      : 0x3fca6a5c  A7      : 0x005d6aff  A8      : 0x82009062  A9      : 0x3fca6710  
A10     : 0x403ac3ca  A11     : 0x40075879  A12     : 0xdd97f630  A13     : 0x403ac3c9  
A14     : 0x00000000  A15     : 0x00000000  SAR     : 0x0000001d  EXCCAUSE: 0x0000001d  
EXCVADDR: 0x00000000  LBEG    : 0x40054bf0  LEND    : 0x40054c0f  LCOUNT  : 0x00000000  


Backtrace: 0x4200905f:0x3fca6720 0x4037c9e5:0x3fca6790




ELF file SHA256: d5971b935ef49e04

Rebooting...
ESP-ROM:esp32s3-20210327
Build:Mar 27 2021
rst:0x3 (RTC_SW_SYS_RST),boot:0x2b (SPI_FAST_FLASH_BOOT)
Saved PC:0x40375768
SPIWP:0xee
mode:DIO, clock div:1
load:0x3fce3818,len:0x16e8
load:0x403c9700,len:0x4
load:0x403c9704,len:0xc00
load:0x403cc700,len:0x2eb0
entry 0x403c9908
[0;32mI (31) boot: ESP-IDF v5.1.1-dirty 2nd stage bootloader[0m
[0;32mI (31) boot: compile time Jul  4 2024 11:59:27[0m
[0;32mI (31) boot: Multicore bootloader[0m
[0;32mI (35) boot: chip revision: v0.2[0m
[0;32mI (39) boot.esp32s3: Boot SPI Speed : 80MHz[0m
[0;32mI (44) boot.esp32s3: SPI Mode       : DIO[0m
[0;32mI (48) boot.esp32s3: SPI Flash Size : 2MB[0m
[0;32mI (53) boot: Enabling RNG early entropy source...[0m
[0;32mI (59) boot: Partition Table:[0m
[0;32mI (62) boot: ## Label            Usage          Type ST Offset   Length[0m
[0;32mI (69) boot:  0 nvs              WiFi data        01 02 00009000 00006000[0m
[0;32mI (77) boot:  1 phy_init         RF data          01 01 0000f000 00001000[0m
[0;32mI (84) boot:  2 factory          factory app      00 00 00010000 00100000[0m
[0;32mI (92) boot: End of partition table[0m
[0;32mI (96) esp_image: segment 0: paddr=00010020 vaddr=3c020020 size=0a718h ( 42776) map[0m
[0;32mI (112) esp_image: segment 1: paddr=0001a740 vaddr=3fc91f00 size=0523ch ( 21052) load[0m
[0;32mI (117) esp_image: segment 2: paddr=0001f984 vaddr=40374000 size=00694h (  1684) load[0m
[0;32mI (122) esp_image: segment 3: paddr=00020020 vaddr=42000020 size=19614h (103956) map[0m
[0;32mI (148) esp_image: segment 4: paddr=0003963c vaddr=40374694 size=0d7e8h ( 55272) load[0m
[0;32mI (167) boot: Loaded app from partition at offset 0x10000[0m
[0;32mI (167) boot: Disabling RNG early entropy source...[0m
[0;32mI (179) cpu_start: Multicore app[0m
[0;32mI (179) octal_psram: vendor id    : 0x0d (AP)[0m
[0;32mI (179) octal_psram: dev id       : 0x02 (generation 3)[0m
[0;32mI (182) octal_psram: density      : 0x03 (64 Mbit)[0m
[0;32mI (188) octal_psram: good-die     : 0x01 (Pass)[0m
[0;32mI (193) octal_psram: Latency      : 0x01 (Fixed)[0m
[0;32mI (198) octal_psram: VCC          : 0x01 (3V)[0m
[0;32mI (203) octal_psram: SRF          : 0x01 (Fast Refresh)[0m
[0;32mI (209) octal_psram: BurstType    : 0x01 (Hybrid Wrap)[0m
[0;32mI (215) octal_psram: BurstLen     : 0x01 (32 Byte)[0m
[0;32mI (221) octal_psram: Readlatency  : 0x02 (10 cycles@Fixed)[0m
[0;32mI (227) octal_psram: DriveStrength: 0x00 (1/1)[0m
[0;32mI (232) esp_psram: Found 8MB PSRAM device[0m
[0;32mI (237) esp_psram: Speed: 40MHz[0m
[0;32mI (241) cpu_start: Pro cpu up.[0m
[0;32mI (244) cpu_start: Starting app cpu, entry point is 0x40375354[0m
[0;32mI (0) cpu_start: App cpu up.[0m
[0;32mI (982) esp_psram: SPI SRAM memory test OK[0m
[0;32mI (991) cpu_start: Pro cpu start user code[0m
[0;32mI (991) cpu_start: cpu freq: 160000000 Hz[0m
[0;32mI (991) cpu_start: Application information:[0m
[0;32mI (994) cpu_start: Project name:     hello_world[0m
[0;32mI (999) cpu_start: App version:      1[0m
[0;32mI (1004) cpu_start: Compile time:     Jul  4 2024 11:58:18[0m
[0;32mI (1010) cpu_start: ELF file SHA256:  d5971b935ef49e04...[0m
[0;32mI (1016) cpu_start: ESP-IDF:          v5.1.1-dirty[0m
[0;32mI (1021) cpu_start: Min chip rev:     v0.0[0m
[0;32mI (1026) cpu_start: Max chip rev:     v0.99 [0m
[0;32mI (1031) cpu_start: Chip rev:         v0.2[0m
[0;32mI (1036) heap_init: Initializing. RAM available for dynamic allocation:[0m
[0;32mI (1043) heap_init: At 3FC979D0 len 00051D40 (327 KiB): DRAM[0m
[0;32mI (1050) heap_init: At 3FCE9710 len 00005724 (21 KiB): STACK/DRAM[0m
[0;32mI (1056) heap_init: At 3FCF0000 len 00008000 (32 KiB): DRAM[0m
[0;32mI (1063) heap_init: At 600FE010 len 00001FD8 (7 KiB): RTCRAM[0m
[0;32mI (1069) esp_psram: Adding pool of 8192K of PSRAM memory to heap allocator[0m
[0;32mI (1077) spi_flash: detected chip: generic[0m
[0;32mI (1081) spi_flash: flash io: dio[0m
[0;33mW (1085) spi_flash: Detected size(16384k) larger than the size in the binary image header(2048k). Using the size in the binary image header.[0m
[0;32mI (1099) sleep: Configure to isolate all GPIO pins in sleep state[0m
[0;32mI (1106) sleep: Enable automatic switching of GPIO sleep configuration[0m
[0;32mI (1113) app_start: Starting scheduler on CPU0[0m
[0;32mI (1118) app_start: Starting scheduler on CPU1[0m
[0;32mI (1118) main_task: Started on CPU0[0m
[0;32mI (1128) esp_psram: Reserving pool of 32K of internal memory for DMA/internal allocations[0m
[0;32mI (1138) main_task: Calling app_main()[0m
[0;32mI (1138) touch read: Denoise function init[0m
[0;32mI (1148) main_task: Returned from app_main()[0m
Time: 1743057 Time: 13016 0.482507 0.320307 0.301922 0.217957 Result: A
Guru Meditation Error: Core  0 panic'ed (StoreProhibited). Exception was unhandled.

Core  0 register dump:
PC      : 0x42009062  PS      : 0x00060a30  A0      : 0x8037c9e8  A1      : 0x3fca6720  
A2      : 0x00000000  A3      : 0x00000000  A4      : 0x00000001  A5      : 0x0000001e  
A6      : 0x3fca6a5c  A7      : 0x004dda9f  A8      : 0x82009062  A9      : 0x3fca6710  
A10     : 0x403a36e3  A11     : 0x400746dc  A12     : 0xd6388660  A13     : 0x403a36e2  
A14     : 0x00000000  A15     : 0x00000000  SAR     : 0x0000001d  EXCCAUSE: 0x0000001d  
EXCVADDR: 0x00000000  LBEG    : 0x40054bf0  LEND    : 0x40054c0f  LCOUNT  : 0x00000000  


Backtrace: 0x4200905f:0x3fca6720 0x4037c9e5:0x3fca6790




ELF file SHA256: d5971b935ef49e04

Rebooting...
ESP-ROM:esp32s3-20210327
Build:Mar 27 2021
rst:0x3 (RTC_SW_SYS_RST),boot:0x2b (SPI_FAST_FLASH_BOOT)
Saved PC:0x40375768
SPIWP:0xee
mode:DIO, clock div:1
load:0x3fce3818,len:0x16e8
load:0x403c9700,len:0x4
load:0x403c9704,len:0xc00
load:0x403cc700,len:0x2eb0
entry 0x403c9908
[0;32mI (31) boot: ESP-IDF v5.1.1-dirty 2nd stage bootloader[0m
[0;32mI (31) boot: compile time Jul  4 2024 11:59:27[0m
[0;32mI (31) boot: Multicore bootloader[0m
[0;32mI (35) boot: chip revision: v0.2[0m
[0;32mI (39) boot.esp32s3: Boot SPI Speed : 80MHz[0m
[0;32mI (44) boot.esp32s3: SPI Mode       : DIO[0m
[0;32mI (48) boot.esp32s3: SPI Flash Size : 2MB[0m
[0;32mI (53) boot: Enabling RNG early entropy source...[0m
[0;32mI (59) boot: Partition Table:[0m
[0;32mI (62) boot: ## Label            Usage          Type ST Offset   Length[0m
[0;32mI (69) boot:  0 nvs              WiFi data        01 02 00009000 00006000[0m
[0;32mI (77) boot:  1 phy_init         RF data          01 01 0000f000 00001000[0m
[0;32mI (84) boot:  2 factory          factory app      00 00 00010000 00100000[0m
[0;32mI (92) boot: End of partition table[0m
[0;32mI (96) esp_image: segment 0: paddr=00010020 vaddr=3c020020 size=0a718h ( 42776) map[0m
[0;32mI (112) esp_image: segment 1: paddr=0001a740 vaddr=3fc91f00 size=0523ch ( 21052) load[0m
[0;32mI (117) esp_image: segment 2: paddr=0001f984 vaddr=40374000 size=00694h (  1684) load[0m
[0;32mI (122) esp_image: segment 3: paddr=00020020 vaddr=42000020 size=19614h (103956) map[0m
[0;32mI (148) esp_image: segment 4: paddr=0003963c vaddr=40374694 size=0d7e8h ( 55272) load[0m
[0;32mI (167) boot: Loaded app from partition at offset 0x10000[0m
[0;32mI (167) boot: Disabling RNG early entropy source...[0m
[0;32mI (179) cpu_start: Multicore app[0m
[0;32mI (179) octal_psram: vendor id    : 0x0d (AP)[0m
[0;32mI (179) octal_psram: dev id       : 0x02 (generation 3)[0m
[0;32mI (182) octal_psram: density      : 0x03 (64 Mbit)[0m
[0;32mI (188) octal_psram: good-die     : 0x01 (Pass)[0m
[0;32mI (193) octal_psram: Latency      : 0x01 (Fixed)[0m
[0;32mI (198) octal_psram: VCC          : 0x01 (3V)[0m
[0;32mI (204) octal_psram: SRF          : 0x01 (Fast Refresh)[0m
[0;32mI (209) octal_psram: BurstType    : 0x01 (Hybrid Wrap)[0m
[0;32mI (215) octal_psram: BurstLen     : 0x01 (32 Byte)[0m
[0;32mI (221) octal_psram: Readlatency  : 0x02 (10 cycles@Fixed)[0m
[0;32mI (227) octal_psram: DriveStrength: 0x00 (1/1)[0m
[0;32mI (232) esp_psram: Found 8MB PSRAM device[0m
[0;32mI (237) esp_psram: Speed: 40MHz[0m
[0;32mI (241) cpu_start: Pro cpu up.[0m
[0;32mI (244) cpu_start: Starting app cpu, entry point is 0x40375354[0m
[0;32mI (0) cpu_start: App cpu up.[0m
[0;32mI (982) esp_psram: SPI SRAM memory test OK[0m
[0;32mI (991) cpu_start: Pro cpu start user code[0m
[0;32mI (991) cpu_start: cpu freq: 160000000 Hz[0m
[0;32mI (991) cpu_start: Application information:[0m
[0;32mI (994) cpu_start: Project name:     hello_world[0m
[0;32mI (999) cpu_start: App version:      1[0m
[0;32mI (1004) cpu_start: Compile time:     Jul  4 2024 11:58:18[0m
[0;32mI (1010) cpu_start: ELF file SHA256:  d5971b935ef49e04...[0m
[0;32mI (1016) cpu_start: ESP-IDF:          v5.1.1-dirty[0m
[0;32mI (1021) cpu_start: Min chip rev:     v0.0[0m
[0;32mI (1026) cpu_start: Max chip rev:     v0.99 [0m
[0;32mI (1031) cpu_start: Chip rev:         v0.2[0m
[0;32mI (1036) heap_init: Initializing. RAM available for dynamic allocation:[0m
[0;32mI (1043) heap_init: At 3FC979D0 len 00051D40 (327 KiB): DRAM[0m
[0;32mI (1050) heap_init: At 3FCE9710 len 00005724 (21 KiB): STACK/DRAM[0m
[0;32mI (1056) heap_init: At 3FCF0000 len 00008000 (32 KiB): DRAM[0m
[0;32mI (1063) heap_init: At 600FE010 len 00001FD8 (7 KiB): RTCRAM[0m
[0;32mI (1069) esp_psram: Adding pool of 8192K of PSRAM memory to heap allocator[0m
[0;32mI (1077) spi_flash: detected chip: generic[0m
[0;32mI (1081) spi_flash: flash io: dio[0m
[0;33mW (1085) spi_flash: Detected size(16384k) larger than the size in the binary image header(2048k). Using the size in the binary image header.[0m
[0;32mI (1099) sleep: Configure to isolate all GPIO pins in sleep state[0m
[0;32mI (1106) sleep: Enable automatic switching of GPIO sleep configuration[0m
[0;32mI (1113) app_start: Starting scheduler on CPU0[0m
[0;32mI (1118) app_start: Starting scheduler on CPU1[0m
[0;32mI (1118) main_task: Started on CPU0[0m
[0;32mI (1128) esp_psram: Reserving pool of 32K of internal memory for DMA/internal allocations[0m
[0;32mI (1138) main_task: Calling app_main()[0m
[0;32mI (1138) touch read: Denoise function init[0m
[0;32mI (1148) main_task: Returned from app_main()[0m
Time: 1743058 Time: 13016 -0.038133 0.722182 0.357198 0.008312 Result: B
Guru Meditation Error: Core  0 panic'ed (StoreProhibited). Exception was unhandled.

Core  0 register dump:
PC      : 0x42009062  PS      : 0x00060a30  A0      : 0x8037c9e8  A1      : 0x3fca6720  
A2      : 0x00000000  A3      : 0x00000000  A4      : 0x00000001  A5      : 0x0000001e  
A6      : 0x3fca6a5c  A7      : 0x0063cbc8  A8      : 0x82009062  A9      : 0x3fca6710  
A10     : 0x403a9fbe  A11     : 0x400753f7  A12     : 0x76c8b438  A13     : 0x403a9fbe  
A14     : 0x00000000  A15     : 0x00000000  SAR     : 0x0000001d  EXCCAUSE: 0x0000001d  
EXCVADDR: 0x00000000  LBEG    : 0x40054bf0  LEND    : 0x40054c0f  LCOUNT  : 0x00000000  


Backtrace: 0x4200905f:0x3fca6720 0x4037c9e5:0x3fca6790




ELF file SHA256: d5971b935ef49e04

Rebooting...
ESP-ROM:esp32s3-20210327
Build:Mar 27 2021
rst:0x3 (RTC_SW_SYS_RST),boot:0x2b (SPI_FAST_FLASH_BOOT)
Saved PC:0x40375768
SPIWP:0xee
mode:DIO, clock div:1
load:0x3fce3818,len:0x16e8
load:0x403c9700,len:0x4
load:0x403c9704,len:0xc00
load:0x403cc700,len:0x2eb0
entry 0x403c9908
[0;32mI (31) boot: ESP-IDF v5.1.1-dirty 2nd stage bootloader[0m
[0;32mI (31) boot: compile time Jul  4 2024 11:59:27[0m
[0;32mI (31) boot: Multicore bootloader[0m
[0;32mI (35) boot: chip revision: v0.2[0m
[0;32mI (39) boot.esp32s3: Boot SPI Speed : 80MHz[0m
[0;32mI (44) boot.esp32s3: SPI Mode       : DIO[0m
[0;32mI (48) boot.esp32s3: SPI Flash Size : 2MB[0m
[0;32mI (53) boot: Enabling RNG early entropy source...[0m
[0;32mI (59) boot: Partition Table:[0m
[0;32mI (62) boot: ## Label            Usage          Type ST Offset   Length[0m
[0;32mI (69) boot:  0 nvs              WiFi data        01 02 00009000 00006000[0m
[0;32mI (77) boot:  1 phy_init         RF data          01 01 0000f000 00001000[0m
[0;32mI (84) boot:  2 factory          factory app      00 00 00010000 00100000[0m
[0;32mI (92) boot: End of partition table[0m
[0;32mI (96) esp_image: segment 0: paddr=00010020 vaddr=3c020020 size=0a718h ( 42776) map[0m
[0;32mI (112) esp_image: segment 1: paddr=0001a740 vaddr=3fc91f00 size=0523ch ( 21052) load[0m
[0;32mI (117) esp_image: segment 2: paddr=0001f984 vaddr=40374000 size=00694h (  1684) load[0m
[0;32mI (122) esp_image: segment 3: paddr=00020020 vaddr=42000020 size=19614h (103956) map[0m
[0;32mI (148) esp_image: segment 4: paddr=0003963c vaddr=40374694 size=0d7e8h ( 55272) load[0m
[0;32mI (167) boot: Loaded app from partition at offset 0x10000[0m
[0;32mI (167) boot: Disabling RNG early entropy source...[0m
[0;32mI (179) cpu_start: Multicore app[0m
[0;32mI (179) octal_psram: vendor id    : 0x0d (AP)[0m
[0;32mI (179) octal_psram: dev id       : 0x02 (generation 3)[0m
[0;32mI (182) octal_psram: density      : 0x03 (64 Mbit)[0m
[0;32mI (188) octal_psram: good-die     : 0x01 (Pass)[0m
[0;32mI (193) octal_psram: Latency      : 0x01 (Fixed)[0m
[0;32mI (198) octal_psram: VCC          : 0x01 (3V)[0m
[0;32mI (204) octal_psram: SRF          : 0x01 (Fast Refresh)[0m
[0;32mI (209) octal_psram: BurstType    : 0x01 (Hybrid Wrap)[0m
[0;32mI (215) octal_psram: BurstLen     : 0x01 (32 Byte)[0m
[0;32mI (221) octal_psram: Readlatency  : 0x02 (10 cycles@Fixed)[0m
[0;32mI (227) octal_psram: DriveStrength: 0x00 (1/1)[0m
[0;32mI (232) esp_psram: Found 8MB PSRAM device[0m
[0;32mI (237) esp_psram: Speed: 40MHz[0m
[0;32mI (241) cpu_start: Pro cpu up.[0m
[0;32mI (244) cpu_start: Starting app cpu, entry point is 0x40375354[0m
[0;32mI (0) cpu_start: App cpu up.[0m
[0;32mI (982) esp_psram: SPI SRAM memory test OK[0m
[0;32mI (991) cpu_start: Pro cpu start user code[0m
[0;32mI (991) cpu_start: cpu freq: 160000000 Hz[0m
[0;32mI (991) cpu_start: Application information:[0m
[0;32mI (994) cpu_start: Project name:     hello_world[0m
[0;32mI (999) cpu_start: App version:      1[0m
[0;32mI (1004) cpu_start: Compile time:     Jul  4 2024 11:58:18[0m
[0;32mI (1010) cpu_start: ELF file SHA256:  d5971b935ef49e04...[0m
[0;32mI (1016) cpu_start: ESP-IDF:          v5.1.1-dirty[0m
[0;32mI (1021) cpu_start: Min chip rev:     v0.0[0m
[0;32mI (1026) cpu_start: Max chip rev:     v0.99 [0m
[0;32mI (1031) cpu_start: Chip rev:         v0.2[0m
[0;32mI (1036) heap_init: Initializing. RAM available for dynamic allocation:[0m
[0;32mI (1043) heap_init: At 3FC979D0 len 00051D40 (327 KiB): DRAM[0m
[0;32mI (1050) heap_init: At 3FCE9710 len 00005724 (21 KiB): STACK/DRAM[0m
[0;32mI (1056) heap_init: At 3FCF0000 len 00008000 (32 KiB): DRAM[0m
[0;32mI (1063) heap_init: At 600FE010 len 00001FD8 (7 KiB): RTCRAM[0m
[0;32mI (1069) esp_psram: Adding pool of 8192K of PSRAM memory to heap allocator[0m
[0;32mI (1077) spi_flash: detected chip: generic[0m
[0;32mI (1081) spi_flash: flash io: dio[0m
[0;33mW (1085) spi_flash: Detected size(16384k) larger than the size in the binary image header(2048k). Using the size in the binary image header.[0m
[0;32mI (1099) sleep: Configure to isolate all GPIO pins in sleep state[0m
[0;32mI (1106) sleep: Enable automatic switching of GPIO sleep configuration[0m
[0;32mI (1113) app_start: Starting scheduler on CPU0[0m
[0;32mI (1118) app_start: Starting scheduler on CPU1[0m
[0;32mI (1118) main_task: Started on CPU0[0m
[0;32mI (1128) esp_psram: Reserving pool of 32K of internal memory for DMA/internal allocations[0m
[0;32mI (1138) main_task: Calling app_main()[0m
[0;32mI (1138) touch read: Denoise function init[0m
[0;32mI (1148) main_task: Returned from app_main()[0m
Time: 1743058 Time: 13016 0.296534 0.158235 0.268563 0.209079 Result: A
Guru Meditation Error: Core  0 panic'ed (StoreProhibited). Exception was unhandled.

Core  0 register dump:
PC      : 0x42009062  PS      : 0x00060a30  A0      : 0x8037c9e8  A1      : 0x3fca6720  
A2      : 0x00000000  A3      : 0x00000000  A4      : 0x00000001  A5      : 0x0000001e  
A6      : 0x3fca6a5c  A7      : 0x0041efd3  A8      : 0x82009062  A9      : 0x3fca6710  
A10     : 0x403aecc0  A11     : 0x40075d97  A12     : 0x62b6ae80  A13     : 0x403aecbf  
A14     : 0x00000000  A15     : 0x00000000  SAR     : 0x0000001d  EXCCAUSE: 0x0000001d  
EXCVADDR: 0x00000000  LBEG    : 0x40054bf0  LEND    : 0x40054c0f  LCOUNT  : 0x00000000  


Backtrace: 0x4200905f:0x3fca6720 0x4037c9e5:0x3fca6790




ELF file SHA256: d5971b935ef49e04

Rebooting...
ESP-ROM:esp32s3-20210327
Build:Mar 27 2021
rst:0x3 (RTC_SW_SYS_RST),boot:0x2b (SPI_FAST_FLASH_BOOT)
Saved PC:0x40375768
SPIWP:0xee
mode:DIO, clock div:1
load:0x3fce3818,len:0x16e8
load:0x403c9700,len:0x4
load:0x403c9704,len:0xc00
load:0x403cc700,len:0x2eb0
entry 0x403c9908
[0;32mI (31) boot: ESP-IDF v5.1.1-dirty 2nd stage bootloader[0m
[0;32mI (31) boot: compile time Jul  4 2024 11:59:27[0m
[0;32mI (31) boot: Multicore bootloader[0m
[0;32mI (35) boot: chip revision: v0.2[0m
[0;32mI (39) boot.esp32s3: Boot SPI Speed : 80MHz[0m
[0;32mI (44) boot.esp32s3: SPI Mode       : DIO[0m
[0;32mI (48) boot.esp32s3: SPI Flash Size : 2MB[0m
[0;32mI (53) boot: Enabling RNG early entropy source...[0m
[0;32mI (59) boot: Partition Table:[0m
[0;32mI (62) boot: ## Label            Usage          Type ST Offset   Length[0m
[0;32mI (69) boot:  0 nvs              WiFi data        01 02 00009000 00006000[0m
[0;32mI (77) boot:  1 phy_init         RF data          01 01 0000f000 00001000[0m
[0;32mI (84) boot:  2 factory          factory app      00 00 00010000 00100000[0m
[0;32mI (92) boot: End of partition table[0m
[0;32mI (96) esp_image: segment 0: paddr=00010020 vaddr=3c020020 size=0a718h ( 42776) map[0m
[0;32mI (112) esp_image: segment 1: paddr=0001a740 vaddr=3fc91f00 size=0523ch ( 21052) load[0m
[0;32mI (117) esp_image: segment 2: paddr=0001f984 vaddr=40374000 size=00694h (  1684) load[0m
[0;32mI (122) esp_image: segment 3: paddr=00020020 vaddr=42000020 size=19614h (103956) map[0m
[0;32mI (148) esp_image: segment 4: paddr=0003963c vaddr=40374694 size=0d7e8h ( 55272) load[0m
[0;32mI (167) boot: Loaded app from partition at offset 0x10000[0m
[0;32mI (167) boot: Disabling RNG early entropy source...[0m
[0;32mI (179) cpu_start: Multicore app[0m
[0;32mI (179) octal_psram: vendor id    : 0x0d (AP)[0m
[0;32mI (179) octal_psram: dev id       : 0x02 (generation 3)[0m
[0;32mI (182) octal_psram: density      : 0x03 (64 Mbit)[0m
[0;32mI (188) octal_psram: good-die     : 0x01 (Pass)[0m
[0;32mI (193) octal_psram: Latency      : 0x01 (Fixed)[0m
[0;32mI (198) octal_psram: VCC          : 0x01 (3V)[0m
[0;32mI (204) octal_psram: SRF          : 0x01 (Fast Refresh)[0m
[0;32mI (209) octal_psram: BurstType    : 0x01 (Hybrid Wrap)[0m
[0;32mI (215) octal_psram: BurstLen     : 0x01 (32 Byte)[0m
[0;32mI (221) octal_psram: Readlatency  : 0x02 (10 cycles@Fixed)[0m
[0;32mI (227) octal_psram: DriveStrength: 0x00 (1/1)[0m
[0;32mI (232) esp_psram: Found 8MB PSRAM device[0m
[0;32mI (237) esp_psram: Speed: 40MHz[0m
[0;32mI (241) cpu_start: Pro cpu up.[0m
[0;32mI (244) cpu_start: Starting app cpu, entry point is 0x40375354[0m
[0;32mI (0) cpu_start: App cpu up.[0m
[0;32mI (982) esp_psram: SPI SRAM memory test OK[0m
[0;32mI (991) cpu_start: Pro cpu start user code[0m
[0;32mI (991) cpu_start: cpu freq: 160000000 Hz[0m
[0;32mI (991) cpu_start: Application information:[0m
[0;32mI (994) cpu_start: Project name:     hello_world[0m
[0;32mI (999) cpu_start: App version:      1[0m
[0;32mI (1004) cpu_start: Compile time:     Jul  4 2024 11:58:18[0m
[0;32mI (1010) cpu_start: ELF file SHA256:  d5971b935ef49e04...[0m
[0;32mI (1016) cpu_start: ESP-IDF:          v5.1.1-dirty[0m
[0;32mI (1021) cpu_start: Min chip rev:     v0.0[0m
[0;32mI (1026) cpu_start: Max chip rev:     v0.99 [0m
[0;32mI (1031) cpu_start: Chip rev:         v0.2[0m
[0;32mI (1036) heap_init: Initializing. RAM available for dynamic allocation:[0m
[0;32mI (1043) heap_init: At 3FC979D0 len 00051D40 (327 KiB): DRAM[0m
[0;32mI (1050) heap_init: At 3FCE9710 len 00005724 (21 KiB): STACK/DRAM[0m
[0;32mI (1056) heap_init: At 3FCF0000 len 00008000 (32 KiB): DRAM[0m
[0;32mI (1063) heap_init: At 600FE010 len 00001FD8 (7 KiB): RTCRAM[0m
[0;32mI (1069) esp_psram: Adding pool of 8192K of PSRAM memory to heap allocator[0m
[0;32mI (1077) spi_flash: detected chip: generic[0m
[0;32mI (1081) spi_flash: flash io: dio[0m
[0;33mW (1085) spi_flash: Detected size(16384k) larger than the size in the binary image header(2048k). Using the size in the binary image header.[0m
[0;32mI (1099) sleep: Configure to isolate all GPIO pins in sleep state[0m
[0;32mI (1106) sleep: Enable automatic switching of GPIO sleep configuration[0m
[0;32mI (1113) app_start: Starting scheduler on CPU0[0m
[0;32mI (1118) app_start: Starting scheduler on CPU1[0m
[0;32mI (1118) main_task: Started on CPU0[0m
[0;32mI (1128) esp_psram: Reserving pool of 32K of internal memory for DMA/internal allocations[0m
[0;32mI (1138) main_task: Calling app_main()[0m
[0;32mI (1138) touch read: Denoise function init[0m
[0;32mI (1148) main_task: Returned from app_main()[0m
Time: 1743057 Time: 13016 0.016437 0.518564 0.415972 -0.035160 Result: B
Guru Meditation Error: Core  0 panic'ed (StoreProhibited). Exception was unhandled.

Core  0 register dump:
PC      : 0x42009062  PS      : 0x00060a30  A0      : 0x8037c9e8  A1      : 0x3fca6720  
A2      : 0x00000000  A3      : 0x00000000  A4      : 0x00000001  A5      : 0x0000001e  
A6      : 0x3fca6a5c  A7      : 0x003e36a7  A8      : 0x82009062  A9      : 0x3fca6710  
A10     : 0x403a8a72  A11     : 0x4007514e  A12     : 0xbcd35a80  A13     : 0x403a8a71  
A14     : 0x00000000  A15     : 0x00000000  SAR     : 0x0000001d  EXCCAUSE: 0x0000001d  
EXCVADDR: 0x00000000  LBEG    : 0x40054bf0  LEND    : 0x40054c0f  LCOUNT  : 0x00000000  


Backtrace: 0x4200905f:0x3fca6720 0x4037c9e5:0x3fca6790




ELF file SHA256: d5971b935ef49e04

Rebooting...
ESP-ROM:esp32s3-20210327
Build:Mar 27 2021
rst:0x3 (RTC_SW_SYS_RST),boot:0x2b (SPI_FAST_FLASH_BOOT)
Saved PC:0x40375768
SPIWP:0xee
mode:DIO, clock div:1
load:0x3fce3818,len:0x16e8
load:0x403c9700,len:0x4
load:0x403c9704,len:0xc00
load:0x403cc700,len:0x2eb0
entry 0x403c9908
[0;32mI (31) boot: ESP-IDF v5.1.1-dirty 2nd stage bootloader[0m
[0;32mI (31) boot: compile time Jul  4 2024 11:59:27[0m
[0;32mI (31) boot: Multicore bootloader[0m
[0;32mI (35) boot: chip revision: v0.2[0m
[0;32mI (39) boot.esp32s3: Boot SPI Speed : 80MHz[0m
[0;32mI (44) boot.esp32s3: SPI Mode       : DIO[0m
[0;32mI (48) boot.esp32s3: SPI Flash Size : 2MB[0m
[0;32mI (53) boot: Enabling RNG early entropy source...[0m
[0;32mI (59) boot: Partition Table:[0m
[0;32mI (62) boot: ## Label            Usage          Type ST Offset   Length[0m
[0;32mI (69) boot:  0 nvs              WiFi data        01 02 00009000 00006000[0m
[0;32mI (77) boot:  1 phy_init         RF data          01 01 0000f000 00001000[0m
[0;32mI (84) boot:  2 factory          factory app      00 00 00010000 00100000[0m
[0;32mI (92) boot: End of partition table[0m
[0;32mI (96) esp_image: segment 0: paddr=00010020 vaddr=3c020020 size=0a718h ( 42776) map[0m
[0;32mI (112) esp_image: segment 1: paddr=0001a740 vaddr=3fc91f00 size=0523ch ( 21052) load[0m
[0;32mI (117) esp_image: segment 2: paddr=0001f984 vaddr=40374000 size=00694h (  1684) load[0m
[0;32mI (122) esp_image: segment 3: paddr=00020020 vaddr=42000020 size=19614h (103956) map[0m
[0;32mI (148) esp_image: segment 4: paddr=0003963c vaddr=40374694 size=0d7e8h ( 55272) load[0m
[0;32mI (167) boot: Loaded app from partition at offset 0x10000[0m
[0;32mI (167) boot: Disabling RNG early entropy source...[0m
[0;32mI (179) cpu_start: Multicore app[0m
[0;32mI (179) octal_psram: vendor id    : 0x0d (AP)[0m
[0;32mI (179) octal_psram: dev id       : 0x02 (generation 3)[0m
[0;32mI (182) octal_psram: density      : 0x03 (64 Mbit)[0m
[0;32mI (188) octal_psram: good-die     : 0x01 (Pass)[0m
[0;32mI (193) octal_psram: Latency      : 0x01 (Fixed)[0m
[0;32mI (198) octal_psram: VCC          : 0x01 (3V)[0m
[0;32mI (203) octal_psram: SRF          : 0x01 (Fast Refresh)[0m
[0;32mI (209) octal_psram: BurstType    : 0x01 (Hybrid Wrap)[0m
[0;32mI (215) octal_psram: BurstLen     : 0x01 (32 Byte)[0m
[0;32mI (221) octal_psram: Readlatency  : 0x02 (10 cycles@Fixed)[0m
[0;32mI (227) octal_psram: DriveStrength: 0x00 (1/1)[0m
[0;32mI (232) esp_psram: Found 8MB PSRAM device[0m
[0;32mI (237) esp_psram: Speed: 40MHz[0m
[0;32mI (241) cpu_start: Pro cpu up.[0m
[0;32mI (244) cpu_start: Starting app cpu, entry point is 0x40375354[0m
[0;32mI (0) cpu_start: App cpu up.[0m
[0;32mI (982) esp_psram: SPI SRAM memory test OK[0m
[0;32mI (991) cpu_start: Pro cpu start user code[0m
[0;32mI (991) cpu_start: cpu freq: 160000000 Hz[0m
[0;32mI (991) cpu_start: Application information:[0m
[0;32mI (994) cpu_start: Project name:     hello_world[0m
[0;32mI (999) cpu_start: App version:      1[0m
[0;32mI (1004) cpu_start: Compile time:     Jul  4 2024 11:58:18[0m
[0;32mI (1010) cpu_start: ELF file SHA256:  d5971b935ef49e04...[0m
[0;32mI (1016) cpu_start: ESP-IDF:          v5.1.1-dirty[0m
[0;32mI (1021) cpu_start: Min chip rev:     v0.0[0m
[0;32mI (1026) cpu_start: Max chip rev:     v0.99 [0m
[0;32mI (1031) cpu_start: Chip rev:         v0.2[0m
[0;32mI (1036) heap_init: Initializing. RAM available for dynamic allocation:[0m
[0;32mI (1043) heap_init: At 3FC979D0 len 00051D40 (327 KiB): DRAM[0m
[0;32mI (1050) heap_init: At 3FCE9710 len 00005724 (21 KiB): STACK/DRAM[0m
[0;32mI (1056) heap_init: At 3FCF0000 len 00008000 (32 KiB): DRAM[0m
[0;32mI (1063) heap_init: At 600FE010 len 00001FD8 (7 KiB): RTCRAM[0m
[0;32mI (1069) esp_psram: Adding pool of 8192K of PSRAM memory to heap allocator[0m
[0;32mI (1077) spi_flash: detected chip: generic[0m
[0;32mI (1081) spi_flash: flash io: dio[0m
[0;33mW (1085) spi_flash: Detected size(16384k) larger than the size in the binary image header(2048k). Using the size in the binary image header.[0m
[0;32mI (1099) sleep: Configure to isolate all GPIO pins in sleep state[0m
[0;32mI (1106) sleep: Enable automatic switching of GPIO sleep configuration[0m
[0;32mI (1113) app_start: Starting scheduler on CPU0[0m
[0;32mI (1118) app_start: Starting scheduler on CPU1[0m
[0;32mI (1118) main_task: Started on CPU0[0m
[0;32mI (1128) esp_psram: Reserving pool of 32K of internal memory for DMA/internal allocations[0m
[0;32mI (1138) main_task: Calling app_main()[0m
[0;32mI (1138) touch read: Denoise function init[0m
[0;32mI (1148) main_task: Returned from app_main()[0m
Time: 1743058 Time: 13016 0.367784 0.010299 0.521953 0.341520 Result: C
Guru Meditation Error: Core  0 panic'ed (StoreProhibited). Exception was unhandled.

Core  0 register dump:
PC      : 0x42009062  PS      : 0x00060a30  A0      : 0x8037c9e8  A1      : 0x3fca6720  
A2      : 0x00000000  A3      : 0x00000000  A4      : 0x00000001  A5      : 0x0000001e  
A6      : 0x3fca6a5c  A7      : 0x004ec4fe  A8      : 0x82009062  A9      : 0x3fca6710  
A10     : 0x403aca58  A11     : 0x4007594a  A12     : 0x4f0d8450  A13     : 0x403aca57  
A14     : 0x00000000  A15     : 0x00000000  SAR     : 0x0000001d  EXCCAUSE: 0x0000001d  
EXCVADDR: 0x00000000  LBEG    : 0x40054bf0  LEND    : 0x40054c0f  LCOUNT  : 0x00000000  


Backtrace: 0x4200905f:0x3fca6720 0x4037c9e5:0x3fca6790




ELF file SHA256: d5971b935ef49e04

Rebooting...
ESP-ROM:esp32s3-20210327
Build:Mar 27 2021
rst:0x3 (RTC_SW_SYS_RST),boot:0x2b (SPI_FAST_FLASH_BOOT)
Saved PC:0x40375768
SPIWP:0xee
mode:DIO, clock div:1
load:0x3fce3818,len:0x16e8
load:0x403c9700,len:0x4
load:0x403c9704,len:0xc00
load:0x403cc700,len:0x2eb0
entry 0x403c9908
[0;32mI (31) boot: ESP-IDF v5.1.1-dirty 2nd stage bootloader[0m
[0;32mI (31) boot: compile time Jul  4 2024 11:59:27[0m
[0;32mI (31) boot: Multicore bootloader[0m
[0;32mI (35) boot: chip revision: v0.2[0m
[0;32mI (39) boot.esp32s3: Boot SPI Speed : 80MHz[0m
[0;32mI (44) boot.esp32s3: SPI Mode       : DIO[0m
[0;32mI (48) boot.esp32s3: SPI Flash Size : 2MB[0m
[0;32mI (53) boot: Enabling RNG early entropy source...[0m
[0;32mI (59) boot: Partition Table:[0m
[0;32mI (62) boot: ## Label            Usage          Type ST Offset   Length[0m
[0;32mI (69) boot:  0 nvs              WiFi data        01 02 00009000 00006000[0m
[0;32mI (77) boot:  1 phy_init         RF data          01 01 0000f000 00001000[0m
[0;32mI (84) boot:  2 factory          factory app      00 00 00010000 00100000[0m
[0;32mI (92) boot: End of partition table[0m
[0;32mI (96) esp_image: segment 0: paddr=00010020 vaddr=3c020020 size=0a718h ( 42776) map[0m
[0;32mI (112) esp_image: segment 1: paddr=0001a740 vaddr=3fc91f00 size=0523ch ( 21052) load[0m
[0;32mI (117) esp_image: segment 2: paddr=0001f984 vaddr=40374000 size=00694h (  1684) load[0m
[0;32mI (122) esp_image: segment 3: paddr=00020020 vaddr=42000020 size=19614h (103956) map[0m
[0;32mI (148) esp_image: segment 4: paddr=0003963c vaddr=40374694 size=0d7e8h ( 55272) load[0m
[0;32mI (167) boot: Loaded app from partition at offset 0x10000[0m
[0;32mI (167) boot: Disabling RNG early entropy source...[0m
[0;32mI (179) cpu_start: Multicore app[0m
[0;32mI (179) octal_psram: vendor id    : 0x0d (AP)[0m
[0;32mI (179) octal_psram: dev id       : 0x02 (generation 3)[0m
[0;32mI (182) octal_psram: density      : 0x03 (64 Mbit)[0m
[0;32mI (188) octal_psram: good-die     : 0x01 (Pass)[0m
[0;32mI (193) octal_psram: Latency      : 0x01 (Fixed)[0m
[0;32mI (198) octal_psram: VCC          : 0x01 (3V)[0m
[0;32mI (204) octal_psram: SRF          : 0x01 (Fast Refresh)[0m
[0;32mI (209) octal_psram: BurstType    : 0x01 (Hybrid Wrap)[0m
[0;32mI (215) octal_psram: BurstLen     : 0x01 (32 Byte)[0m
[0;32mI (221) octal_psram: Readlatency  : 0x02 (10 cycles@Fixed)[0m
[0;32mI (227) octal_psram: DriveStrength: 0x00 (1/1)[0m
[0;32mI (232) esp_psram: Found 8MB PSRAM device[0m
[0;32mI (237) esp_psram: Speed: 40MHz[0m
[0;32mI (241) cpu_start: Pro cpu up.[0m
[0;32mI (244) cpu_start: Starting app cpu, entry point is 0x40375354[0m
[0;32mI (0) cpu_start: App cpu up.[0m
[0;32mI (982) esp_psram: SPI SRAM memory test OK[0m
[0;32mI (991) cpu_start: Pro cpu start user code[0m
[0;32mI (991) cpu_start: cpu freq: 160000000 Hz[0m
[0;32mI (991) cpu_start: Application information:[0m
[0;32mI (994) cpu_start: Project name:     hello_world[0m
[0;32mI (999) cpu_start: App version:      1[0m
[0;32mI (1004) cpu_start: Compile time:     Jul  4 2024 11:58:18[0m
[0;32mI (1010) cpu_start: ELF file SHA256:  d5971b935ef49e04...[0m
[0;32mI (1016) cpu_start: ESP-IDF:          v5.1.1-dirty[0m
[0;32mI (1021) cpu_start: Min chip rev:     v0.0[0m
[0;32mI (1026) cpu_start: Max chip rev:     v0.99 [0m
[0;32mI (1031) cpu_start: Chip rev:         v0.2[0m
[0;32mI (1036) heap_init: Initializing. RAM available for dynamic allocation:[0m
[0;32mI (1043) heap_init: At 3FC979D0 len 00051D40 (327 KiB): DRAM[0m
[0;32mI (1050) heap_init: At 3FCE9710 len 00005724 (21 KiB): STACK/DRAM[0m
[0;32mI (1056) heap_init: At 3FCF0000 len 00008000 (32 KiB): DRAM[0m
[0;32mI (1063) heap_init: At 600FE010 len 00001FD8 (7 KiB): RTCRAM[0m
[0;32mI (1069) esp_psram: Adding pool of 8192K of PSRAM memory to heap allocator[0m
[0;32mI (1077) spi_flash: detected chip: generic[0m
[0;32mI (1081) spi_flash: flash io: dio[0m
[0;33mW (1085) spi_flash: Detected size(16384k) larger than the size in the binary image header(2048k). Using the size in the binary image header.[0m
[0;32mI (1099) sleep: Configure to isolate all GPIO pins in sleep state[0m
[0;32mI (1106) sleep: Enable automatic switching of GPIO sleep configuration[0m
[0;32mI (1113) app_start: Starting scheduler on CPU0[0m
[0;32mI (1118) app_start: Starting scheduler on CPU1[0m
[0;32mI (1118) main_task: Started on CPU0[0m
[0;32mI (1128) esp_psram: Reserving pool of 32K of internal memory for DMA/internal allocations[0m
[0;32mI (1138) main_task: Calling app_main()[0m
[0;32mI (1138) touch read: Denoise function init[0m
[0;32mI (1148) main_task: Returned from app_main()[0m
Time: 1749069 Time: 13016 0.122023 0.540900 0.355428 0.095135 Result: B
Guru Meditation Error: Core  0 panic'ed (StoreProhibited). Exception was unhandled.

Core  0 register dump:
PC      : 0x42009062  PS      : 0x00060a30  A0      : 0x8037c9e8  A1      : 0x3fca6720  
A2      : 0x00000000  A3      : 0x00000000  A4      : 0x00000001  A5      : 0x0000001e  
A6      : 0x3fca6a5c  A7      : 0x0041ebe9  A8      : 0x82009062  A9      : 0x3fca6710  
A10     : 0x403a233a  A11     : 0x40074467  A12     : 0x81d7dbf0  A13     : 0x403a2339  
A14     : 0x00000000  A15     : 0x00000000  SAR     : 0x0000001d  EXCCAUSE: 0x0000001d  
EXCVADDR: 0x00000000  LBEG    : 0x40054bf0  LEND    : 0x40054c0f  LCOUNT  : 0x00000000  


Backtrace: 0x4200905f:0x3fca6720 0x4037c9e5:0x3fca6790




ELF file SHA256: d5971b935ef49e04

Rebooting...
ESP-ROM:esp32s3-20210327
Build:Mar 27 2021
rst:0x3 (RTC_SW_SYS_RST),boot:0x2b (SPI_FAST_FLASH_BOOT)
Saved PC:0x40375768
SPIWP:0xee
mode:DIO, clock div:1
load:0x3fce3818,len:0x16e8
load:0x403c9700,len:0x4
load:0x403c9704,len:0xc00
load:0x403cc700,len:0x2eb0
entry 0x403c9908
[0;32mI (31) boot: ESP-IDF v5.1.1-dirty 2nd stage bootloader[0m
[0;32mI (31) boot: compile time Jul  4 2024 11:59:27[0m
[0;32mI (31) boot: Multicore bootloader[0m
[0;32mI (35) boot: chip revision: v0.2[0m
[0;32mI (39) boot.esp32s3: Boot SPI Speed : 80MHz[0m
[0;32mI (44) boot.esp32s3: SPI Mode       : DIO[0m
[0;32mI (48) boot.esp32s3: SPI Flash Size : 2MB[0m
[0;32mI (53) boot: Enabling RNG early entropy source...[0m
[0;32mI (59) boot: Partition Table:[0m
[0;32mI (62) boot: ## Label            Usage          Type ST Offset   Length[0m
[0;32mI (69) boot:  0 nvs              WiFi data        01 02 00009000 00006000[0m
[0;32mI (77) boot:  1 phy_init         RF data          01 01 0000f000 00001000[0m
[0;32mI (84) boot:  2 factory          factory app      00 00 00010000 00100000[0m
[0;32mI (92) boot: End of partition table[0m
[0;32mI (96) esp_image: segment 0: paddr=00010020 vaddr=3c020020 size=0a718h ( 42776) map[0m
[0;32mI (112) esp_image: segment 1: paddr=0001a740 vaddr=3fc91f00 size=0523ch ( 21052) load[0m
[0;32mI (117) esp_image: segment 2: paddr=0001f984 vaddr=40374000 size=00694h (  1684) load[0m
[0;32mI (122) esp_image: segment 3: paddr=00020020 vaddr=42000020 size=19614h (103956) map[0m
[0;32mI (148) esp_image: segment 4: paddr=0003963c vaddr=40374694 size=0d7e8h ( 55272) load[0m
[0;32mI (167) boot: Loaded app from partition at offset 0x10000[0m
[0;32mI (167) boot: Disabling RNG early entropy source...[0m
[0;32mI (179) cpu_start: Multicore app[0m
[0;32mI (179) octal_psram: vendor id    : 0x0d (AP)[0m
[0;32mI (179) octal_psram: dev id       : 0x02 (generation 3)[0m
[0;32mI (182) octal_psram: density      : 0x03 (64 Mbit)[0m
[0;32mI (188) octal_psram: good-die     : 0x01 (Pass)[0m
[0;32mI (193) octal_psram: Latency      : 0x01 (Fixed)[0m
[0;32mI (198) octal_psram: VCC          : 0x01 (3V)[0m
[0;32mI (203) octal_psram: SRF          : 0x01 (Fast Refresh)[0m
[0;32mI (209) octal_psram: BurstType    : 0x01 (Hybrid Wrap)[0m
[0;32mI (215) octal_psram: BurstLen     : 0x01 (32 Byte)[0m
[0;32mI (221) octal_psram: Readlatency  : 0x02 (10 cycles@Fixed)[0m
[0;32mI (227) octal_psram: DriveStrength: 0x00 (1/1)[0m
[0;32mI (232) esp_psram: Found 8MB PSRAM device[0m
[0;32mI (237) esp_psram: Speed: 40MHz[0m
[0;32mI (241) cpu_start: Pro cpu up.[0m
[0;32mI (244) cpu_start: Starting app cpu, entry point is 0x40375354[0m
[0;32mI (0) cpu_start: App cpu up.[0m
[0;32mI (982) esp_psram: SPI SRAM memory test OK[0m
[0;32mI (991) cpu_start: Pro cpu start user code[0m
[0;32mI (991) cpu_start: cpu freq: 160000000 Hz[0m
[0;32mI (991) cpu_start: Application information:[0m
[0;32mI (994) cpu_start: Project name:     hello_world[0m
[0;32mI (999) cpu_start: App version:      1[0m
[0;32mI (1004) cpu_start: Compile time:     Jul  4 2024 11:58:18[0m
[0;32mI (1010) cpu_start: ELF file SHA256:  d5971b935ef49e04...[0m
[0;32mI (1016) cpu_start: ESP-IDF:          v5.1.1-dirty[0m
[0;32mI (1021) cpu_start: Min chip rev:     v0.0[0m
[0;32mI (1026) cpu_start: Max chip rev:     v0.99 [0m
[0;32mI (1031) cpu_start: Chip rev:         v0.2[0m
[0;32mI (1036) heap_init: Initializing. RAM available for dynamic allocation:[0m
[0;32mI (1043) heap_init: At 3FC979D0 len 00051D40 (327 KiB): DRAM[0m
[0;32mI (1050) heap_init: At 3FCE9710 len 00005724 (21 KiB): STACK/DRAM[0m
[0;32mI (1056) heap_init: At 3FCF0000 len 00008000 (32 KiB): DRAM[0m
[0;32mI (1063) heap_init: At 600FE010 len 00001FD8 (7 KiB): RTCRAM[0m
[0;32mI (1069) esp_psram: Adding pool of 8192K of PSRAM memory to heap allocator[0m
[0;32mI (1077) spi_flash: detected chip: generic[0m
[0;32mI (1081) spi_flash: flash io: dio[0m
[0;33mW (1085) spi_flash: Detected size(16384k) larger than the size in the binary image header(2048k). Using the size in the binary image header.[0m
[0;32mI (1099) sleep: Configure to isolate all GPIO pins in sleep state[0m
[0;32mI (1106) sleep: Enable automatic switching of GPIO sleep configuration[0m
[0;32mI (1113) app_start: Starting scheduler on CPU0[0m
[0;32mI (1118) app_start: Starting scheduler on CPU1[0m
[0;32mI (1118) main_task: Started on CPU0[0m
[0;32mI (1128) esp_psram: Reserving pool of 32K of internal memory for DMA/internal allocations[0m
[0;32mI (1138) main_task: Calling app_main()[0m
[0;32mI (1138) touch read: Denoise function init[0m
[0;32mI (1148) main_task: Returned from app_main()[0m
Time: 1751084 Time: 13016 0.194610 -0.261722 0.440699 0.288655 Result: C
Guru Meditation Error: Core  0 panic'ed (StoreProhibited). Exception was unhandled.

Core  0 register dump:
PC      : 0x42009062  PS      : 0x00060a30  A0      : 0x8037c9e8  A1      : 0x3fca6720  
A2      : 0x00000000  A3      : 0x00000000  A4      : 0x00000001  A5      : 0x0000001e  
A6      : 0x3fca6a5c  A7      : 0x00492b4f  A8      : 0x82009062  A9      : 0x3fca6710  
A10     : 0x403ae2eb  A11     : 0x40075c5d  A12     : 0x1c432ca8  A13     : 0x403ae2eb  
A14     : 0x00000000  A15     : 0x00000000  SAR     : 0x0000001d  EXCCAUSE: 0x0000001d  
EXCVADDR: 0x00000000  LBEG    : 0x40054bf0  LEND    : 0x40054c0f  LCOUNT  : 0x00000000  


Backtrace: 0x4200905f:0x3fca6720 0x4037c9e5:0x3fca6790




ELF file SHA256: d5971b935ef49e04

Rebooting...
ESP-ROM:esp32s3-20210327
Build:Mar 27 2021
rst:0x3 (RTC_SW_SYS_RST),boot:0x2b (SPI_FAST_FLASH_BOOT)
Saved PC:0x40375768
SPIWP:0xee
mode:DIO, clock div:1
load:0x3fce3818,len:0x16e8
load:0x403c9700,len:0x4
load:0x403c9704,len:0xc00
load:0x403cc700,len:0x2eb0
entry 0x403c9908
[0;32mI (31) boot: ESP-IDF v5.1.1-dirty 2nd stage bootloader[0m
[0;32mI (31) boot: compile time Jul  4 2024 11:59:27[0m
[0;32mI (31) boot: Multicore bootloader[0m
[0;32mI (35) boot: chip revision: v0.2[0m
[0;32mI (39) boot.esp32s3: Boot SPI Speed : 80MHz[0m
[0;32mI (44) boot.esp32s3: SPI Mode       : DIO[0m
[0;32mI (48) boot.esp32s3: SPI Flash Size : 2MB[0m
[0;32mI (53) boot: Enabling RNG early entropy source...[0m
[0;32mI (59) boot: Partition Table:[0m
[0;32mI (62) boot: ## Label            Usage          Type ST Offset   Length[0m
[0;32mI (69) boot:  0 nvs              WiFi data        01 02 00009000 00006000[0m
[0;32mI (77) boot:  1 phy_init         RF data          01 01 0000f000 00001000[0m
[0;32mI (84) boot:  2 factory          factory app      00 00 00010000 00100000[0m
[0;32mI (92) boot: End of partition table[0m
[0;32mI (96) esp_image: segment 0: paddr=00010020 vaddr=3c020020 size=0a718h ( 42776) map[0m
[0;32mI (112) esp_image: segment 1: paddr=0001a740 vaddr=3fc91f00 size=0523ch ( 21052) load[0m
[0;32mI (117) esp_image: segment 2: paddr=0001f984 vaddr=40374000 size=00694h (  1684) load[0m
[0;32mI (122) esp_image: segment 3: paddr=00020020 vaddr=42000020 size=19614h (103956) map[0m
[0;32mI (148) esp_image: segment 4: paddr=0003963c vaddr=40374694 size=0d7e8h ( 55272) load[0m
[0;32mI (167) boot: Loaded app from partition at offset 0x10000[0m
[0;32mI (167) boot: Disabling RNG early entropy source...[0m
[0;32mI (179) cpu_start: Multicore app[0m
[0;32mI (179) octal_psram: vendor id    : 0x0d (AP)[0m
[0;32mI (179) octal_psram: dev id       : 0x02 (generation 3)[0m
[0;32mI (182) octal_psram: density      : 0x03 (64 Mbit)[0m
[0;32mI (188) octal_psram: good-die     : 0x01 (Pass)[0m
[0;32mI (193) octal_psram: Latency      : 0x01 (Fixed)[0m
[0;32mI (198) octal_psram: VCC          : 0x01 (3V)[0m
[0;32mI (204) octal_psram: SRF          : 0x01 (Fast Refresh)[0m
[0;32mI (209) octal_psram: BurstType    : 0x01 (Hybrid Wrap)[0m
[0;32mI (215) octal_psram: BurstLen     : 0x01 (32 Byte)[0m
[0;32mI (221) octal_psram: Readlatency  : 0x02 (10 cycles@Fixed)[0m
[0;32mI (227) octal_psram: DriveStrength: 0x00 (1/1)[0m
[0;32mI (232) esp_psram: Found 8MB PSRAM device[0m
[0;32mI (237) esp_psram: Speed: 40MHz[0m
[0;32mI (241) cpu_start: Pro cpu up.[0m
[0;32mI (244) cpu_start: Starting app cpu, entry point is 0x40375354[0m
[0;32mI (0) cpu_start: App cpu up.[0m
[0;32mI (982) esp_psram: SPI SRAM memory test OK[0m
[0;32mI (991) cpu_start: Pro cpu start user code[0m
[0;32mI (991) cpu_start: cpu freq: 160000000 Hz[0m
[0;32mI (991) cpu_start: Application information:[0m
[0;32mI (994) cpu_start: Project name:     hello_world[0m
[0;32mI (999) cpu_start: App version:      1[0m
[0;32mI (1004) cpu_start: Compile time:     Jul  4 2024 11:58:18[0m
[0;32mI (1010) cpu_start: ELF file SHA256:  d5971b935ef49e04...[0m
[0;32mI (1016) cpu_start: ESP-IDF:          v5.1.1-dirty[0m
[0;32mI (1021) cpu_start: Min chip rev:     v0.0[0m
[0;32mI (1026) cpu_start: Max chip rev:     v0.99 [0m
[0;32mI (1031) cpu_start: Chip rev:         v0.2[0m
[0;32mI (1036) heap_init: Initializing. RAM available for dynamic allocation:[0m
[0;32mI (1043) heap_init: At 3FC979D0 len 00051D40 (327 KiB): DRAM[0m
[0;32mI (1050) heap_init: At 3FCE9710 len 00005724 (21 KiB): STACK/DRAM[0m
[0;32mI (1056) heap_init: At 3FCF0000 len 00008000 (32 KiB): DRAM[0m
[0;32mI (1063) heap_init: At 600FE010 len 00001FD8 (7 KiB): RTCRAM[0m
[0;32mI (1069) esp_psram: Adding pool of 8192K of PSRAM memory to heap allocator[0m
[0;32mI (1077) spi_flash: detected chip: generic[0m
[0;32mI (1081) spi_flash: flash io: dio[0m
[0;33mW (1085) spi_flash: Detected size(16384k) larger than the size in the binary image header(2048k). Using the size in the binary image header.[0m
[0;32mI (1099) sleep: Configure to isolate all GPIO pins in sleep state[0m
[0;32mI (1106) sleep: Enable automatic switching of GPIO sleep configuration[0m
[0;32mI (1113) app_start: Starting scheduler on CPU0[0m
[0;32mI (1118) app_start: Starting scheduler on CPU1[0m
[0;32mI (1118) main_task: Started on CPU0[0m
[0;32mI (1128) esp_psram: Reserving pool of 32K of internal memory for DMA/internal allocations[0m
[0;32mI (1138) main_task: Calling app_main()[0m
[0;32mI (1138) touch read: Denoise function init[0m
[0;32mI (1148) main_task: Returned from app_main()[0m
Time: 1743058 Time: 13016 0.360093 -0.095461 0.307612 0.413417 Result: D
Guru Meditation Error: Core  0 panic'ed (StoreProhibited). Exception was unhandled.

Core  0 register dump:
PC      : 0x42009062  PS      : 0x00060a30  A0      : 0x8037c9e8  A1      : 0x3fca6720  
A2      : 0x00000000  A3      : 0x00000000  A4      : 0x00000001  A5      : 0x0000001e  
A6      : 0x3fca6a5c  A7      : 0x023fee76  A8      : 0x82009062  A9      : 0x3fca6710  
A10     : 0x403722d1  A11     : 0x4006e45a  A12     : 0xcac08310  A13     : 0x403722d0  
A14     : 0x00000000  A15     : 0x00000000  SAR     : 0x0000001d  EXCCAUSE: 0x0000001d  
EXCVADDR: 0x00000000  LBEG    : 0x40054bf0  LEND    : 0x40054c0f  LCOUNT  : 0x00000000  


Backtrace: 0x4200905f:0x3fca6720 0x4037c9e5:0x3fca6790




ELF file SHA256: d5971b935ef49e04

Rebooting...
ESP-ROM:esp32s3-20210327
Build:Mar 27 2021
rst:0x3 (RTC_SW_SYS_RST),boot:0x2b (SPI_FAST_FLASH_BOOT)
Saved PC:0x40375768
SPIWP:0xee
mode:DIO, clock div:1
load:0x3fce3818,len:0x16e8
load:0x403c9700,len:0x4
load:0x403c9704,len:0xc00
load:0x403cc700,len:0x2eb0
entry 0x403c9908
[0;32mI (31) boot: ESP-IDF v5.1.1-dirty 2nd stage bootloader[0m
[0;32mI (31) boot: compile time Jul  4 2024 11:59:27[0m
[0;32mI (31) boot: Multicore bootloader[0m
[0;32mI (35) boot: chip revision: v0.2[0m
[0;32mI (39) boot.esp32s3: Boot SPI Speed : 80MHz[0m
[0;32mI (44) boot.esp32s3: SPI Mode       : DIO[0m
[0;32mI (48) boot.esp32s3: SPI Flash Size : 2MB[0m
[0;32mI (53) boot: Enabling RNG early entropy source...[0m
[0;32mI (59) boot: Partition Table:[0m
[0;32mI (62) boot: ## Label            Usage          Type ST Offset   Length[0m
[0;32mI (69) boot:  0 nvs              WiFi data        01 02 00009000 00006000[0m
[0;32mI (77) boot:  1 phy_init         RF data          01 01 0000f000 00001000[0m
[0;32mI (84) boot:  2 factory          factory app      00 00 00010000 00100000[0m
[0;32mI (92) boot: End of partition table[0m
[0;32mI (96) esp_image: segment 0: paddr=00010020 vaddr=3c020020 size=0a718h ( 42776) map[0m
[0;32mI (112) esp_image: segment 1: paddr=0001a740 vaddr=3fc91f00 size=0523ch ( 21052) load[0m
[0;32mI (117) esp_image: segment 2: paddr=0001f984 vaddr=40374000 size=00694h (  1684) load[0m
[0;32mI (122) esp_image: segment 3: paddr=00020020 vaddr=42000020 size=19614h (103956) map[0m
[0;32mI (148) esp_image: segment 4: paddr=0003963c vaddr=40374694 size=0d7e8h ( 55272) load[0m
[0;32mI (167) boot: Loaded app from partition at offset 0x10000[0m
[0;32mI (167) boot: Disabling RNG early entropy source...[0m
[0;32mI (179) cpu_start: Multicore app[0m
[0;32mI (179) octal_psram: vendor id    : 0x0d (AP)[0m
[0;32mI (179) octal_psram: dev id       : 0x02 (generation 3)[0m
[0;32mI (182) octal_psram: density      : 0x03 (64 Mbit)[0m
[0;32mI (188) octal_psram: good-die     : 0x01 (Pass)[0m
[0;32mI (193) octal_psram: Latency      : 0x01 (Fixed)[0m
[0;32mI (198) octal_psram: VCC          : 0x01 (3V)[0m
[0;32mI (203) octal_psram: SRF          : 0x01 (Fast Refresh)[0m
[0;32mI (209) octal_psram: BurstType    : 0x01 (Hybrid Wrap)[0m
[0;32mI (215) octal_psram: BurstLen     : 0x01 (32 Byte)[0m
[0;32mI (221) octal_psram: Readlatency  : 0x02 (10 cycles@Fixed)[0m
[0;32mI (227) octal_psram: DriveStrength: 0x00 (1/1)[0m
[0;32mI (232) esp_psram: Found 8MB PSRAM device[0m
[0;32mI (237) esp_psram: Speed: 40MHz[0m
[0;32mI (241) cpu_start: Pro cpu up.[0m
[0;32mI (244) cpu_start: Starting app cpu, entry point is 0x40375354[0m
[0;32mI (0) cpu_start: App cpu up.[0m
[0;32mI (982) esp_psram: SPI SRAM memory test OK[0m
[0;32mI (991) cpu_start: Pro cpu start user code[0m
[0;32mI (991) cpu_start: cpu freq: 160000000 Hz[0m
[0;32mI (991) cpu_start: Application information:[0m
[0;32mI (994) cpu_start: Project name:     hello_world[0m
[0;32mI (999) cpu_start: App version:      1[0m
[0;32mI (1004) cpu_start: Compile time:     Jul  4 2024 11:58:18[0m
[0;32mI (1010) cpu_start: ELF file SHA256:  d5971b935ef49e04...[0m
[0;32mI (1016) cpu_start: ESP-IDF:          v5.1.1-dirty[0m
[0;32mI (1021) cpu_start: Min chip rev:     v0.0[0m
[0;32mI (1026) cpu_start: Max chip rev:     v0.99 [0m
[0;32mI (1031) cpu_start: Chip rev:         v0.2[0m
[0;32mI (1036) heap_init: Initializing. RAM available for dynamic allocation:[0m
[0;32mI (1043) heap_init: At 3FC979D0 len 00051D40 (327 KiB): DRAM[0m
[0;32mI (1050) heap_init: At 3FCE9710 len 00005724 (21 KiB): STACK/DRAM[0m
[0;32mI (1056) heap_init: At 3FCF0000 len 00008000 (32 KiB): DRAM[0m
[0;32mI (1063) heap_init: At 600FE010 len 00001FD8 (7 KiB): RTCRAM[0m
[0;32mI (1069) esp_psram: Adding pool of 8192K of PSRAM memory to heap allocator[0m
[0;32mI (1077) spi_flash: detected chip: generic[0m
[0;32mI (1081) spi_flash: flash io: dio[0m
[0;33mW (1085) spi_flash: Detected size(16384k) larger than the size in the binary image header(2048k). Using the size in the binary image header.[0m
[0;32mI (1099) sleep: Configure to isolate all GPIO pins in sleep state[0m
[0;32mI (1106) sleep: Enable automatic switching of GPIO sleep configuration[0m
[0;32mI (1113) app_start: Starting scheduler on CPU0[0m
[0;32mI (1118) app_start: Starting scheduler on CPU1[0m
[0;32mI (1118) main_task: Started on CPU0[0m
[0;32mI (1128) esp_psram: Reserving pool of 32K of internal memory for DMA/internal allocations[0m
[0;32mI (1138) main_task: Calling app_main()[0m
[0;32mI (1138) touch read: Denoise function init[0m
[0;32mI (1148) main_task: Returned from app_main()[0m
Time: 1742044 Time: 13016 0.138148 0.155954 0.285483 0.178901 Result: C
Guru Meditation Error: Core  0 panic'ed (StoreProhibited). Exception was unhandled.

Core  0 register dump:
PC      : 0x42009062  PS      : 0x00060a30  A0      : 0x8037c9e8  A1      : 0x3fca6720  
A2      : 0x00000000  A3      : 0x00000000  A4      : 0x00000001  A5      : 0x0000001e  
A6      : 0x3fca6a5c  A7      : 0x003c757f  A8      : 0x82009062  A9      : 0x3fca6710  
A10     : 0x403863f1  A11     : 0x40070c7e  A12     : 0x41205bc0  A13     : 0x403863f1  
A14     : 0x00000000  A15     : 0x00000000  SAR     : 0x0000001d  EXCCAUSE: 0x0000001d  
EXCVADDR: 0x00000000  LBEG    : 0x40054bf0  LEND    : 0x40054c0f  LCOUNT  : 0x00000000  


Backtrace: 0x4200905f:0x3fca6720 0x4037c9e5:0x3fca6790




ELF file SHA256: d5971b935ef49e04

Rebooting...
ESP-ROM:esp32s3-20210327
Build:Mar 27 2021
rst:0x3 (RTC_SW_SYS_RST),boot:0x2b (SPI_FAST_FLASH_BOOT)
Saved PC:0x40375768
SPIWP:0xee
mode:DIO, clock div:1
load:0x3fce3818,len:0x16e8
load:0x403c9700,len:0x4
load:0x403c9704,len:0xc00
load:0x403cc700,len:0x2eb0
entry 0x403c9908
[0;32mI (31) boot: ESP-IDF v5.1.1-dirty 2nd stage bootloader[0m
[0;32mI (31) boot: compile time Jul  4 2024 11:59:27[0m
[0;32mI (31) boot: Multicore bootloader[0m
[0;32mI (35) boot: chip revision: v0.2[0m
[0;32mI (39) boot.esp32s3: Boot SPI Speed : 80MHz[0m
[0;32mI (44) boot.esp32s3: SPI Mode       : DIO[0m
[0;32mI (48) boot.esp32s3: SPI Flash Size : 2MB[0m
[0;32mI (53) boot: Enabling RNG early entropy source...[0m
[0;32mI (59) boot: Partition Table:[0m
[0;32mI (62) boot: ## Label            Usage          Type ST Offset   Length[0m
[0;32mI (69) boot:  0 nvs              WiFi data        01 02 00009000 00006000[0m
[0;32mI (77) boot:  1 phy_init         RF data          01 01 0000f000 00001000[0m
[0;32mI (84) boot:  2 factory          factory app      00 00 00010000 00100000[0m
[0;32mI (92) boot: End of partition table[0m
[0;32mI (96) esp_image: segment 0: paddr=00010020 vaddr=3c020020 size=0a718h ( 42776) map[0m
[0;32mI (112) esp_image: segment 1: paddr=0001a740 vaddr=3fc91f00 size=0523ch ( 21052) load[0m
[0;32mI (117) esp_image: segment 2: paddr=0001f984 vaddr=40374000 size=00694h (  1684) load[0m
[0;32mI (122) esp_image: segment 3: paddr=00020020 vaddr=42000020 size=19614h (103956) map[0m
[0;32mI (148) esp_image: segment 4: paddr=0003963c vaddr=40374694 size=0d7e8h ( 55272) load[0m
[0;32mI (167) boot: Loaded app from partition at offset 0x10000[0m
[0;32mI (167) boot: Disabling RNG early entropy source...[0m
[0;32mI (179) cpu_start: Multicore app[0m
[0;32mI (179) octal_psram: vendor id    : 0x0d (AP)[0m
[0;32mI (179) octal_psram: dev id       : 0x02 (generation 3)[0m
[0;32mI (182) octal_psram: density      : 0x03 (64 Mbit)[0m
[0;32mI (188) octal_psram: good-die     : 0x01 (Pass)[0m
[0;32mI (193) octal_psram: Latency      : 0x01 (Fixed)[0m
[0;32mI (198) octal_psram: VCC          : 0x01 (3V)[0m
[0;32mI (204) octal_psram: SRF          : 0x01 (Fast Refresh)[0m
[0;32mI (209) octal_psram: BurstType    : 0x01 (Hybrid Wrap)[0m
[0;32mI (215) octal_psram: BurstLen     : 0x01 (32 Byte)[0m
[0;32mI (221) octal_psram: Readlatency  : 0x02 (10 cycles@Fixed)[0m
[0;32mI (227) octal_psram: DriveStrength: 0x00 (1/1)[0m
[0;32mI (232) esp_psram: Found 8MB PSRAM device[0m
[0;32mI (237) esp_psram: Speed: 40MHz[0m
[0;32mI (241) cpu_start: Pro cpu up.[0m
[0;32mI (244) cpu_start: Starting app cpu, entry point is 0x40375354[0m
[0;32mI (0) cpu_start: App cpu up.[0m
[0;32mI (982) esp_psram: SPI SRAM memory test OK[0m
[0;32mI (991) cpu_start: Pro cpu start user code[0m
[0;32mI (991) cpu_start: cpu freq: 160000000 Hz[0m
[0;32mI (991) cpu_start: Application information:[0m
[0;32mI (994) cpu_start: Project name:     hello_world[0m
[0;32mI (999) cpu_start: App version:      1[0m
[0;32mI (1004) cpu_start: Compile time:     Jul  4 2024 11:58:18[0m
[0;32mI (1010) cpu_start: ELF file SHA256:  d5971b935ef49e04...[0m
[0;32mI (1016) cpu_start: ESP-IDF:          v5.1.1-dirty[0m
[0;32mI (1021) cpu_start: Min chip rev:     v0.0[0m
[0;32mI (1026) cpu_start: Max chip rev:     v0.99 [0m
[0;32mI (1031) cpu_start: Chip rev:         v0.2[0m
[0;32mI (1036) heap_init: Initializing. RAM available for dynamic allocation:[0m
[0;32mI (1043) heap_init: At 3FC979D0 len 00051D40 (327 KiB): DRAM[0m
[0;32mI (1050) heap_init: At 3FCE9710 len 00005724 (21 KiB): STACK/DRAM[0m
[0;32mI (1056) heap_init: At 3FCF0000 len 00008000 (32 KiB): DRAM[0m
[0;32mI (1063) heap_init: At 600FE010 len 00001FD8 (7 KiB): RTCRAM[0m
[0;32mI (1069) esp_psram: Adding pool of 8192K of PSRAM memory to heap allocator[0m
[0;32mI (1077) spi_flash: detected chip: generic[0m
[0;32mI (1081) spi_flash: flash io: dio[0m
[0;33mW (1085) spi_flash: Detected size(16384k) larger than the size in the binary image header(2048k). Using the size in the binary image header.[0m
[0;32mI (1099) sleep: Configure to isolate all GPIO pins in sleep state[0m
[0;32mI (1106) sleep: Enable automatic switching of GPIO sleep configuration[0m
[0;32mI (1113) app_start: Starting scheduler on CPU0[0m
[0;32mI (1118) app_start: Starting scheduler on CPU1[0m
[0;32mI (1118) main_task: Started on CPU0[0m
[0;32mI (1128) esp_psram: Reserving pool of 32K of internal memory for DMA/internal allocations[0m
[0;32mI (1138) main_task: Calling app_main()[0m
[0;32mI (1138) touch read: Denoise function init[0m
[0;32mI (1148) main_task: Returned from app_main()[0m
Time: 1742055 Time: 13016 0.099334 0.086754 0.220486 0.559462 Result: D
Guru Meditation Error: Core  0 panic'ed (StoreProhibited). Exception was unhandled.

Core  0 register dump:
PC      : 0x42009062  PS      : 0x00060a30  A0      : 0x8037c9e8  A1      : 0x3fca6720  
A2      : 0x00000000  A3      : 0x00000000  A4      : 0x00000001  A5      : 0x0000001e  
A6      : 0x3fca6a5c  A7      : 0x004dda9f  A8      : 0x82009062  A9      : 0x3fca6710  
A10     : 0x403a5fd9  A11     : 0x40074bfb  A12     : 0x5b573eb0  A13     : 0x403a5fd8  
A14     : 0x00000000  A15     : 0x00000000  SAR     : 0x0000001d  EXCCAUSE: 0x0000001d  
EXCVADDR: 0x00000000  LBEG    : 0x40054bf0  LEND    : 0x40054c0f  LCOUNT  : 0x00000000  


Backtrace: 0x4200905f:0x3fca6720 0x4037c9e5:0x3fca6790




ELF file SHA256: d5971b935ef49e04

Rebooting...
ESP-ROM:esp32s3-20210327
Build:Mar 27 2021
rst:0x3 (RTC_SW_SYS_RST),boot:0x2b (SPI_FAST_FLASH_BOOT)
Saved PC:0x40375768
SPIWP:0xee
mode:DIO, clock div:1
load:0x3fce3818,len:0x16e8
load:0x403c9700,len:0x4
load:0x403c9704,len:0xc00
load:0x403cc700,len:0x2eb0
entry 0x403c9908
[0;32mI (31) boot: ESP-IDF v5.1.1-dirty 2nd stage bootloader[0m
[0;32mI (31) boot: compile time Jul  4 2024 11:59:27[0m
[0;32mI (31) boot: Multicore bootloader[0m
[0;32mI (35) boot: chip revision: v0.2[0m
[0;32mI (39) boot.esp32s3: Boot SPI Speed : 80MHz[0m
[0;32mI (44) boot.esp32s3: SPI Mode       : DIO[0m
[0;32mI (48) boot.esp32s3: SPI Flash Size : 2MB[0m
[0;32mI (53) boot: Enabling RNG early entropy source...[0m
[0;32mI (59) boot: Partition Table:[0m
[0;32mI (62) boot: ## Label            Usage          Type ST Offset   Length[0m
[0;32mI (69) boot:  0 nvs              WiFi data        01 02 00009000 00006000[0m
[0;32mI (77) boot:  1 phy_init         RF data          01 01 0000f000 00001000[0m
[0;32mI (84) boot:  2 factory          factory app      00 00 00010000 00100000[0m
[0;32mI (92) boot: End of partition table[0m
[0;32mI (96) esp_image: segment 0: paddr=00010020 vaddr=3c020020 size=0a718h ( 42776) map[0m
[0;32mI (112) esp_image: segment 1: paddr=0001a740 vaddr=3fc91f00 size=0523ch ( 21052) load[0m
[0;32mI (117) esp_image: segment 2: paddr=0001f984 vaddr=40374000 size=00694h (  1684) load[0m
[0;32mI (122) esp_image: segment 3: paddr=00020020 vaddr=42000020 size=19614h (103956) map[0m
[0;32mI (148) esp_image: segment 4: paddr=0003963c vaddr=40374694 size=0d7e8h ( 55272) load[0m
[0;32mI (167) boot: Loaded app from partition at offset 0x10000[0m
[0;32mI (167) boot: Disabling RNG early entropy source...[0m
[0;32mI (179) cpu_start: Multicore app[0m
[0;32mI (179) octal_psram: vendor id    : 0x0d (AP)[0m
[0;32mI (179) octal_psram: dev id       : 0x02 (generation 3)[0m
[0;32mI (182) octal_psram: density      : 0x03 (64 Mbit)[0m
[0;32mI (188) octal_psram: good-die     : 0x01 (Pass)[0m
[0;32mI (193) octal_psram: Latency      : 0x01 (Fixed)[0m
[0;32mI (198) octal_psram: VCC          : 0x01 (3V)[0m
[0;32mI (204) octal_psram: SRF          : 0x01 (Fast Refresh)[0m
[0;32mI (209) octal_psram: BurstType    : 0x01 (Hybrid Wrap)[0m
[0;32mI (215) octal_psram: BurstLen     : 0x01 (32 Byte)[0m
[0;32mI (221) octal_psram: Readlatency  : 0x02 (10 cycles@Fixed)[0m
[0;32mI (227) octal_psram: DriveStrength: 0x00 (1/1)[0m
[0;32mI (232) esp_psram: Found 8MB PSRAM device[0m
[0;32mI (237) esp_psram: Speed: 40MHz[0m
[0;32mI (241) cpu_start: Pro cpu up.[0m
[0;32mI (244) cpu_start: Starting app cpu, entry point is 0x40375354[0m
[0;32mI (0) cpu_start: App cpu up.[0m
[0;32mI (982) esp_psram: SPI SRAM memory test OK[0m
[0;32mI (991) cpu_start: Pro cpu start user code[0m
[0;32mI (991) cpu_start: cpu freq: 160000000 Hz[0m
[0;32mI (991) cpu_start: Application information:[0m
[0;32mI (994) cpu_start: Project name:     hello_world[0m
[0;32mI (999) cpu_start: App version:      1[0m
[0;32mI (1004) cpu_start: Compile time:     Jul  4 2024 11:58:18[0m
[0;32mI (1010) cpu_start: ELF file SHA256:  d5971b935ef49e04...[0m
[0;32mI (1016) cpu_start: ESP-IDF:          v5.1.1-dirty[0m
[0;32mI (1021) cpu_start: Min chip rev:     v0.0[0m
[0;32mI (1026) cpu_start: Max chip rev:     v0.99 [0m
[0;32mI (1031) cpu_start: Chip rev:         v0.2[0m
[0;32mI (1036) heap_init: Initializing. RAM available for dynamic allocation:[0m
[0;32mI (1043) heap_init: At 3FC979D0 len 00051D40 (327 KiB): DRAM[0m
[0;32mI (1050) heap_init: At 3FCE9710 len 00005724 (21 KiB): STACK/DRAM[0m
[0;32mI (1056) heap_init: At 3FCF0000 len 00008000 (32 KiB): DRAM[0m
[0;32mI (1063) heap_init: At 600FE010 len 00001FD8 (7 KiB): RTCRAM[0m
[0;32mI (1069) esp_psram: Adding pool of 8192K of PSRAM memory to heap allocator[0m
[0;32mI (1077) spi_flash: detected chip: generic[0m
[0;32mI (1081) spi_flash: flash io: dio[0m
[0;33mW (1085) spi_flash: Detected size(16384k) larger than the size in the binary image header(2048k). Using the size in the binary image header.[0m
[0;32mI (1099) sleep: Configure to isolate all GPIO pins in sleep state[0m
[0;32mI (1106) sleep: Enable automatic switching of GPIO sleep configuration[0m
[0;32mI (1113) app_start: Starting scheduler on CPU0[0m
[0;32mI (1118) app_start: Starting scheduler on CPU1[0m
[0;32mI (1118) main_task: Started on CPU0[0m
[0;32mI (1128) esp_psram: Reserving pool of 32K of internal memory for DMA/internal allocations[0m
[0;32mI (1138) main_task: Calling app_main()[0m
[0;32mI (1138) touch read: Denoise function init[0m
[0;32mI (1148) main_task: Returned from app_main()[0m
Time: 1742054 Time: 13016 0.287042 -0.047211 0.186559 0.270889 Result: A
Guru Meditation Error: Core  0 panic'ed (StoreProhibited). Exception was unhandled.

Core  0 register dump:
PC      : 0x42009062  PS      : 0x00060a30  A0      : 0x8037c9e8  A1      : 0x3fca6720  
A2      : 0x00000000  A3      : 0x00000000  A4      : 0x00000001  A5      : 0x0000001e  
A6      : 0x3fca6a5c  A7      : 0x004c05df  A8      : 0x82009062  A9      : 0x3fca6710  
A10     : 0x4039a858  A11     : 0x4007350b  A12     : 0x793dd980  A13     : 0x4039a858  
A14     : 0x00000000  A15     : 0x00000000  SAR     : 0x0000001d  EXCCAUSE: 0x0000001d  
EXCVADDR: 0x00000000  LBEG    : 0x40054bf0  LEND    : 0x40054c0f  LCOUNT  : 0x00000000  


Backtrace: 0x4200905f:0x3fca6720 0x4037c9e5:0x3fca6790




ELF file SHA256: d5971b935ef49e04

Rebooting...
ESP-ROM:esp32s3-20210327
Build:Mar 27 2021
rst:0x3 (RTC_SW_SYS_RST),boot:0x2b (SPI_FAST_FLASH_BOOT)
Saved PC:0x40375768
SPIWP:0xee
mode:DIO, clock div:1
load:0x3fce3818,len:0x16e8
load:0x403c9700,len:0x4
load:0x403c9704,len:0xc00
load:0x403cc700,len:0x2eb0
entry 0x403c9908
[0;32mI (31) boot: ESP-IDF v5.1.1-dirty 2nd stage bootloader[0m
[0;32mI (31) boot: compile time Jul  4 2024 11:59:27[0m
[0;32mI (31) boot: Multicore bootloader[0m
[0;32mI (35) boot: chip revision: v0.2[0m
[0;32mI (39) boot.esp32s3: Boot SPI Speed : 80MHz[0m
[0;32mI (44) boot.esp32s3: SPI Mode       : DIO[0m
[0;32mI (48) boot.esp32s3: SPI Flash Size : 2MB[0m
[0;32mI (53) boot: Enabling RNG early entropy source...[0m
[0;32mI (59) boot: Partition Table:[0m
[0;32mI (62) boot: ## Label            Usage          Type ST Offset   Length[0m
[0;32mI (69) boot:  0 nvs              WiFi data        01 02 00009000 00006000[0m
[0;32mI (77) boot:  1 phy_init         RF data          01 01 0000f000 00001000[0m
[0;32mI (84) boot:  2 factory          factory app      00 00 00010000 00100000[0m
[0;32mI (92) boot: End of partition table[0m
[0;32mI (96) esp_image: segment 0: paddr=00010020 vaddr=3c020020 size=0a718h ( 42776) map[0m
[0;32mI (112) esp_image: segment 1: paddr=0001a740 vaddr=3fc91f00 size=0523ch ( 21052) load[0m
[0;32mI (117) esp_image: segment 2: paddr=0001f984 vaddr=40374000 size=00694h (  1684) load[0m
[0;32mI (122) esp_image: segment 3: paddr=00020020 vaddr=42000020 size=19614h (103956) map[0m
[0;32mI (148) esp_image: segment 4: paddr=0003963c vaddr=40374694 size=0d7e8h ( 55272) load[0m
[0;32mI (167) boot: Loaded app from partition at offset 0x10000[0m
[0;32mI (167) boot: Disabling RNG early entropy source...[0m
[0;32mI (179) cpu_start: Multicore app[0m
[0;32mI (179) octal_psram: vendor id    : 0x0d (AP)[0m
[0;32mI (179) octal_psram: dev id       : 0x02 (generation 3)[0m
[0;32mI (182) octal_psram: density      : 0x03 (64 Mbit)[0m
[0;32mI (188) octal_psram: good-die     : 0x01 (Pass)[0m
[0;32mI (193) octal_psram: Latency      : 0x01 (Fixed)[0m
[0;32mI (198) octal_psram: VCC          : 0x01 (3V)[0m
[0;32mI (204) octal_psram: SRF          : 0x01 (Fast Refresh)[0m
[0;32mI (209) octal_psram: BurstType    : 0x01 (Hybrid Wrap)[0m
[0;32mI (215) octal_psram: BurstLen     : 0x01 (32 Byte)[0m
[0;32mI (221) octal_psram: Readlatency  : 0x02 (10 cycles@Fixed)[0m
[0;32mI (227) octal_psram: DriveStrength: 0x00 (1/1)[0m
[0;32mI (232) esp_psram: Found 8MB PSRAM device[0m
[0;32mI (237) esp_psram: Speed: 40MHz[0m
[0;32mI (241) cpu_start: Pro cpu up.[0m
[0;32mI (244) cpu_start: Starting app cpu, entry point is 0x40375354[0m
[0;32mI (0) cpu_start: App cpu up.[0m
[0;32mI (982) esp_psram: SPI SRAM memory test OK[0m
[0;32mI (991) cpu_start: Pro cpu start user code[0m
[0;32mI (991) cpu_start: cpu freq: 160000000 Hz[0m
[0;32mI (991) cpu_start: Application information:[0m
[0;32mI (994) cpu_start: Project name:     hello_world[0m
[0;32mI (999) cpu_start: App version:      1[0m
[0;32mI (1004) cpu_start: Compile time:     Jul  4 2024 11:58:18[0m
[0;32mI (1010) cpu_start: ELF file SHA256:  d5971b935ef49e04...[0m
[0;32mI (1016) cpu_start: ESP-IDF:          v5.1.1-dirty[0m
[0;32mI (1021) cpu_start: Min chip rev:     v0.0[0m
[0;32mI (1026) cpu_start: Max chip rev:     v0.99 [0m
[0;32mI (1031) cpu_start: Chip rev:         v0.2[0m
[0;32mI (1036) heap_init: Initializing. RAM available for dynamic allocation:[0m
[0;32mI (1043) heap_init: At 3FC979D0 len 00051D40 (327 KiB): DRAM[0m
[0;32mI (1050) heap_init: At 3FCE9710 len 00005724 (21 KiB): STACK/DRAM[0m
[0;32mI (1056) heap_init: At 3FCF0000 len 00008000 (32 KiB): DRAM[0m
[0;32mI (1063) heap_init: At 600FE010 len 00001FD8 (7 KiB): RTCRAM[0m
[0;32mI (1069) esp_psram: Adding pool of 8192K of PSRAM memory to heap allocator[0m
[0;32mI (1077) spi_flash: detected chip: generic[0m
[0;32mI (1081) spi_flash: flash io: dio[0m
[0;33mW (1085) spi_flash: Detected size(16384k) larger than the size in the binary image header(2048k). Using the size in the binary image header.[0m
[0;32mI (1099) sleep: Configure to isolate all GPIO pins in sleep state[0m
[0;32mI (1106) sleep: Enable automatic switching of GPIO sleep configuration[0m
[0;32mI (1113) app_start: Starting scheduler on CPU0[0m
[0;32mI (1118) app_start: Starting scheduler on CPU1[0m
[0;32mI (1118) main_task: Started on CPU0[0m
[0;32mI (1128) esp_psram: Reserving pool of 32K of internal memory for DMA/internal allocations[0m
[0;32mI (1138) main_task: Calling app_main()[0m
[0;32mI (1138) touch read: Denoise function init[0m
[0;32mI (1148) main_task: Returned from app_main()[0m
Time: 1743058 Time: 13016 0.372795 -0.051416 0.473935 0.443378 Result: C
Guru Meditation Error: Core  0 panic'ed (StoreProhibited). Exception was unhandled.

Core  0 register dump:
PC      : 0x42009062  PS      : 0x00060a30  A0      : 0x8037c9e8  A1      : 0x3fca6720  
A2      : 0x00000000  A3      : 0x00000000  A4      : 0x00000001  A5      : 0x0000001e  
A6      : 0x3fca6a5c  A7      : 0x0042de1f  A8      : 0x82009062  A9      : 0x3fca6710  
A10     : 0x40393f7d  A11     : 0x400727ef  A12     : 0xdb22d0e0  A13     : 0x40393f7c  
A14     : 0x00000000  A15     : 0x00000000  SAR     : 0x0000001d  EXCCAUSE: 0x0000001d  
EXCVADDR: 0x00000000  LBEG    : 0x40054bf0  LEND    : 0x40054c0f  LCOUNT  : 0x00000000  


Backtrace: 0x4200905f:0x3fca6720 0x4037c9e5:0x3fca6790




ELF file SHA256: d5971b935ef49e04

Rebooting...
ESP-ROM:esp32s3-20210327
Build:Mar 27 2021
rst:0x3 (RTC_SW_SYS_RST),boot:0x2b (SPI_FAST_FLASH_BOOT)
Saved PC:0x40375768
SPIWP:0xee
mode:DIO, clock div:1
load:0x3fce3818,len:0x16e8
load:0x403c9700,len:0x4
load:0x403c9704,len:0xc00
load:0x403cc700,len:0x2eb0
entry 0x403c9908
[0;32mI (31) boot: ESP-IDF v5.1.1-dirty 2nd stage bootloader[0m
[0;32mI (31) boot: compile time Jul  4 2024 11:59:27[0m
[0;32mI (31) boot: Multicore bootloader[0m
[0;32mI (35) boot: chip revision: v0.2[0m
[0;32mI (39) boot.esp32s3: Boot SPI Speed : 80MHz[0m
[0;32mI (44) boot.esp32s3: SPI Mode       : DIO[0m
[0;32mI (48) boot.esp32s3: SPI Flash Size : 2MB[0m
[0;32mI (53) boot: Enabling RNG early entropy source...[0m
[0;32mI (59) boot: Partition Table:[0m
[0;32mI (62) boot: ## Label            Usage          Type ST Offset   Length[0m
[0;32mI (69) boot:  0 nvs              WiFi data        01 02 00009000 00006000[0m
[0;32mI (77) boot:  1 phy_init         RF data          01 01 0000f000 00001000[0m
[0;32mI (84) boot:  2 factory          factory app      00 00 00010000 00100000[0m
[0;32mI (92) boot: End of partition table[0m
[0;32mI (96) esp_image: segment 0: paddr=00010020 vaddr=3c020020 size=0a718h ( 42776) map[0m
[0;32mI (112) esp_image: segment 1: paddr=0001a740 vaddr=3fc91f00 size=0523ch ( 21052) load[0m
[0;32mI (117) esp_image: segment 2: paddr=0001f984 vaddr=40374000 size=00694h (  1684) load[0m
[0;32mI (122) esp_image: segment 3: paddr=00020020 vaddr=42000020 size=19614h (103956) map[0m
[0;32mI (148) esp_image: segment 4: paddr=0003963c vaddr=40374694 size=0d7e8h ( 55272) load[0m
[0;32mI (167) boot: Loaded app from partition at offset 0x10000[0m
[0;32mI (167) boot: Disabling RNG early entropy source...[0m
[0;32mI (179) cpu_start: Multicore app[0m
[0;32mI (179) octal_psram: vendor id    : 0x0d (AP)[0m
[0;32mI (179) octal_psram: dev id       : 0x02 (generation 3)[0m
[0;32mI (182) octal_psram: density      : 0x03 (64 Mbit)[0m
[0;32mI (188) octal_psram: good-die     : 0x01 (Pass)[0m
[0;32mI (193) octal_psram: Latency      : 0x01 (Fixed)[0m
[0;32mI (198) octal_psram: VCC          : 0x01 (3V)[0m
[0;32mI (204) octal_psram: SRF          : 0x01 (Fast Refresh)[0m
[0;32mI (209) octal_psram: BurstType    : 0x01 (Hybrid Wrap)[0m
[0;32mI (215) octal_psram: BurstLen     : 0x01 (32 Byte)[0m
[0;32mI (221) octal_psram: Readlatency  : 0x02 (10 cycles@Fixed)[0m
[0;32mI (227) octal_psram: DriveStrength: 0x00 (1/1)[0m
[0;32mI (232) esp_psram: Found 8MB PSRAM device[0m
[0;32mI (237) esp_psram: Speed: 40MHz[0m
[0;32mI (241) cpu_start: Pro cpu up.[0m
[0;32mI (244) cpu_start: Starting app cpu, entry point is 0x40375354[0m
[0;32mI (0) cpu_start: App cpu up.[0m
[0;32mI (982) esp_psram: SPI SRAM memory test OK[0m
[0;32mI (991) cpu_start: Pro cpu start user code[0m
[0;32mI (991) cpu_start: cpu freq: 160000000 Hz[0m
[0;32mI (991) cpu_start: Application information:[0m
[0;32mI (994) cpu_start: Project name:     hello_world[0m
[0;32mI (999) cpu_start: App version:      1[0m
[0;32mI (1004) cpu_start: Compile time:     Jul  4 2024 11:58:18[0m
[0;32mI (1010) cpu_start: ELF file SHA256:  d5971b935ef49e04...[0m
[0;32mI (1016) cpu_start: ESP-IDF:          v5.1.1-dirty[0m
[0;32mI (1021) cpu_start: Min chip rev:     v0.0[0m
[0;32mI (1026) cpu_start: Max chip rev:     v0.99 [0m
[0;32mI (1031) cpu_start: Chip rev:         v0.2[0m
[0;32mI (1036) heap_init: Initializing. RAM available for dynamic allocation:[0m
[0;32mI (1043) heap_init: At 3FC979D0 len 00051D40 (327 KiB): DRAM[0m
[0;32mI (1050) heap_init: At 3FCE9710 len 00005724 (21 KiB): STACK/DRAM[0m
[0;32mI (1056) heap_init: At 3FCF0000 len 00008000 (32 KiB): DRAM[0m
[0;32mI (1063) heap_init: At 600FE010 len 00001FD8 (7 KiB): RTCRAM[0m
[0;32mI (1069) esp_psram: Adding pool of 8192K of PSRAM memory to heap allocator[0m
[0;32mI (1077) spi_flash: detected chip: generic[0m
[0;32mI (1081) spi_flash: flash io: dio[0m
[0;33mW (1085) spi_flash: Detected size(16384k) larger than the size in the binary image header(2048k). Using the size in the binary image header.[0m
[0;32mI (1099) sleep: Configure to isolate all GPIO pins in sleep state[0m
[0;32mI (1106) sleep: Enable automatic switching of GPIO sleep configuration[0m
[0;32mI (1113) app_start: Starting scheduler on CPU0[0m
[0;32mI (1118) app_start: Starting scheduler on CPU1[0m
[0;32mI (1118) main_task: Started on CPU0[0m
[0;32mI (1128) esp_psram: Reserving pool of 32K of internal memory for DMA/internal allocations[0m
[0;32mI (1138) main_task: Calling app_main()[0m
[0;32mI (1138) touch read: Denoise function init[0m
[0;32mI (1148) main_task: Returned from app_main()[0m
Time: 1743057 Time: 13016 0.415097 -0.145216 0.326283 0.652928 Result: D
Guru Meditation Error: Core  0 panic'ed (StoreProhibited). Exception was unhandled.

Core  0 register dump:
PC      : 0x42009062  PS      : 0x00060a30  A0      : 0x8037c9e8  A1      : 0x3fca6720  
A2      : 0x00000000  A3      : 0x00000000  A4      : 0x00000001  A5      : 0x0000001e  
A6      : 0x3fca6a5c  A7      : 0x00459d3f  A8      : 0x82009062  A9      : 0x3fca6710  
A10     : 0x403a1e4f  A11     : 0x400743c9  A12     : 0x765fd8b0  A13     : 0x403a1e4f  
A14     : 0x00000000  A15     : 0x00000000  SAR     : 0x0000001d  EXCCAUSE: 0x0000001d  
EXCVADDR: 0x00000000  LBEG    : 0x40054bf0  LEND    : 0x40054c0f  LCOUNT  : 0x00000000  


Backtrace: 0x4200905f:0x3fca6720 0x4037c9e5:0x3fca6790




ELF file SHA256: d5971b935ef49e04

Rebooting...
ESP-ROM:esp32s3-20210327
Build:Mar 27 2021
rst:0x3 (RTC_SW_SYS_RST),boot:0x2b (SPI_FAST_FLASH_BOOT)
Saved PC:0x40375768
SPIWP:0xee
mode:DIO, clock div:1
load:0x3fce3818,len:0x16e8
load:0x403c9700,len:0x4
load:0x403c9704,len:0xc00
load:0x403cc700,len:0x2eb0
entry 0x403c9908
[0;32mI (31) boot: ESP-IDF v5.1.1-dirty 2nd stage bootloader[0m
[0;32mI (31) boot: compile time Jul  4 2024 11:59:27[0m
[0;32mI (31) boot: Multicore bootloader[0m
[0;32mI (35) boot: chip revision: v0.2[0m
[0;32mI (39) boot.esp32s3: Boot SPI Speed : 80MHz[0m
[0;32mI (44) boot.esp32s3: SPI Mode       : DIO[0m
[0;32mI (48) boot.esp32s3: SPI Flash Size : 2MB[0m
[0;32mI (53) boot: Enabling RNG early entropy source...[0m
[0;32mI (59) boot: Partition Table:[0m
[0;32mI (62) boot: ## Label            Usage          Type ST Offset   Length[0m
[0;32mI (69) boot:  0 nvs              WiFi data        01 02 00009000 00006000[0m
[0;32mI (77) boot:  1 phy_init         RF data          01 01 0000f000 00001000[0m
[0;32mI (84) boot:  2 factory          factory app      00 00 00010000 00100000[0m
[0;32mI (92) boot: End of partition table[0m
[0;32mI (96) esp_image: segment 0: paddr=00010020 vaddr=3c020020 size=0a718h ( 42776) map[0m
[0;32mI (112) esp_image: segment 1: paddr=0001a740 vaddr=3fc91f00 size=0523ch ( 21052) load[0m
[0;32mI (117) esp_image: segment 2: paddr=0001f984 vaddr=40374000 size=00694h (  1684) load[0m
[0;32mI (122) esp_image: segment 3: paddr=00020020 vaddr=42000020 size=19614h (103956) map[0m
[0;32mI (148) esp_image: segment 4: paddr=0003963c vaddr=40374694 size=0d7e8h ( 55272) load[0m
[0;32mI (167) boot: Loaded app from partition at offset 0x10000[0m
[0;32mI (167) boot: Disabling RNG early entropy source...[0m
[0;32mI (179) cpu_start: Multicore app[0m
[0;32mI (179) octal_psram: vendor id    : 0x0d (AP)[0m
[0;32mI (179) octal_psram: dev id       : 0x02 (generation 3)[0m
[0;32mI (182) octal_psram: density      : 0x03 (64 Mbit)[0m
[0;32mI (188) octal_psram: good-die     : 0x01 (Pass)[0m
[0;32mI (193) octal_psram: Latency      : 0x01 (Fixed)[0m
[0;32mI (198) octal_psram: VCC          : 0x01 (3V)[0m
[0;32mI (204) octal_psram: SRF          : 0x01 (Fast Refresh)[0m
[0;32mI (209) octal_psram: BurstType    : 0x01 (Hybrid Wrap)[0m
[0;32mI (215) octal_psram: BurstLen     : 0x01 (32 Byte)[0m
